Archive member included to satisfy reference by file (symbol)

ym/microbit-dal/source/microbit-dal.a(MicroBitFiber.cpp.o)
                              source/CMakeFiles/iot-example.dir/home/student/myexample/source/main.cpp.o (scheduler_init(EventModel&))
ym/microbit-dal/source/microbit-dal.a(MicroBitHeapAllocator.cpp.o)
                              source/CMakeFiles/iot-example.dir/home/student/myexample/source/main.cpp.o (microbit_malloc(unsigned int))
ym/microbit-dal/source/microbit-dal.a(MicroBitListener.cpp.o)
                              source/CMakeFiles/iot-example.dir/home/student/myexample/source/main.cpp.o (MicroBitListener::MicroBitListener(unsigned short, unsigned short, void (*)(MicroBitEvent), unsigned short))
ym/microbit-dal/source/microbit-dal.a(MicroBitSystemTimer.cpp.o)
                              ym/microbit-dal/source/microbit-dal.a(MicroBitFiber.cpp.o) (system_timer_current_time())
ym/microbit-dal/source/microbit-dal.a(ManagedString.cpp.o)
                              source/CMakeFiles/iot-example.dir/home/student/myexample/source/main.cpp.o (ManagedString::~ManagedString())
ym/microbit-dal/source/microbit-dal.a(MicroBitEvent.cpp.o)
                              ym/microbit-dal/source/microbit-dal.a(MicroBitListener.cpp.o) (MicroBitEvent::MicroBitEvent())
ym/microbit-dal/source/microbit-dal.a(PacketBuffer.cpp.o)
                              ym/microbit-dal/source/microbit-dal.a(ManagedString.cpp.o) (PacketBuffer::getBytes())
ym/microbit-dal/source/microbit-dal.a(RefCounted.cpp.o)
                              ym/microbit-dal/source/microbit-dal.a(ManagedString.cpp.o) (RefCounted::init())
ym/microbit-dal/source/microbit-dal.a(MicroBitButton.cpp.o)
                              source/CMakeFiles/iot-example.dir/home/student/myexample/source/main.cpp.o (MicroBitButton::~MicroBitButton())
ym/microbit-dal/source/microbit-dal.a(MicroBitDisplay.cpp.o)
                              source/CMakeFiles/iot-example.dir/home/student/myexample/source/main.cpp.o (MicroBitDisplay::~MicroBitDisplay())
ym/microbit-dal/source/microbit-dal.a(MicroBitLightSensor.cpp.o)
                              ym/microbit-dal/source/microbit-dal.a(MicroBitDisplay.cpp.o) (MicroBitLightSensor::read())
ym/microbit-dal/source/microbit-dal.a(MicroBitMessageBus.cpp.o)
                              source/CMakeFiles/iot-example.dir/home/student/myexample/source/main.cpp.o (MicroBitMessageBus::~MicroBitMessageBus())
ym/microbit-dal/source/microbit-dal.a(CortexContextSwitch.s.obj)
                              ym/microbit-dal/source/microbit-dal.a(MicroBitFiber.cpp.o) (swap_context)
ym/microbit-dal/source/microbit-dal.a(MemberFunctionCallback.cpp.o)
                              ym/microbit-dal/source/microbit-dal.a(MicroBitMessageBus.cpp.o) (MemberFunctionCallback::fire(MicroBitEvent))
ym/microbit-dal/source/microbit-dal.a(MicroBitCompat.cpp.o)
                              ym/microbit-dal/source/microbit-dal.a(ManagedString.cpp.o) (itoa(int, char*))
ym/microbit-dal/source/microbit-dal.a(MicroBitDevice.cpp.o)
                              ym/microbit-dal/source/microbit-dal.a(MicroBitHeapAllocator.cpp.o) (microbit_panic(int))
ym/microbit-dal/source/microbit-dal.a(MicroBitFont.cpp.o)
                              ym/microbit-dal/source/microbit-dal.a(MicroBitDisplay.cpp.o) (MicroBitFont::setSystemFont(MicroBitFont))
ym/microbit-dal/source/microbit-dal.a(MicroBitImage.cpp.o)
                              ym/microbit-dal/source/microbit-dal.a(MicroBitDisplay.cpp.o) (MicroBitImage::~MicroBitImage())
ym/mbed-classic/existing/mbed-classic.a(Timer.cpp.o)
                              ym/microbit-dal/source/microbit-dal.a(MicroBitSystemTimer.cpp.o) (mbed::Timer::start())
ym/mbed-classic/existing/mbed-classic.a(TimerEvent.cpp.o)
                              ym/microbit-dal/source/microbit-dal.a(MicroBitSystemTimer.cpp.o) (mbed::TimerEvent::TimerEvent())
ym/mbed-classic/existing/mbed-classic.a(Ticker.cpp.o)
                              ym/microbit-dal/source/microbit-dal.a(MicroBitSystemTimer.cpp.o) (mbed::Ticker::detach())
ym/mbed-classic/existing/mbed-classic.a(retarget.cpp.o)
                              ym/mbed-classic/existing/mbed-classic.a(TimerEvent.cpp.o) (__cxa_pure_virtual)
ym/mbed-classic/existing/mbed-classic.a(Timeout.cpp.o)
                              ym/microbit-dal/source/microbit-dal.a(MicroBitDisplay.cpp.o) (vtable for mbed::Timeout)
ym/mbed-classic/existing/mbed-classic.a(FilePath.cpp.o)
                              ym/mbed-classic/existing/mbed-classic.a(retarget.cpp.o) (mbed::FilePath::FilePath(char const*))
ym/mbed-classic/existing/mbed-classic.a(gpio.c.o)
                              ym/microbit-dal/source/microbit-dal.a(MicroBitDevice.cpp.o) (gpio_init_in)
ym/mbed-classic/existing/mbed-classic.a(us_ticker_api.c.o)
                              ym/mbed-classic/existing/mbed-classic.a(Timer.cpp.o) (get_us_ticker_data)
ym/mbed-classic/existing/mbed-classic.a(ticker_api.c.o)
[...]
Memory Configuration

Name             Origin             Length             Attributes
FLASH            0x0000000000018000 0x0000000000028000 xr
RAM              0x0000000020002000 0x0000000000002000 xrw
*default*        0x0000000000000000 0xffffffffffffffff

Linker script and memory map

LOAD /usr/bin/../lib/gcc/arm-none-eabi/7.2.1/thumb/v6-m/crti.o
LOAD /usr/bin/../lib/gcc/arm-none-eabi/7.2.1/thumb/v6-m/crtbegin.o
LOAD /usr/bin/../lib/gcc/arm-none-eabi/7.2.1/../../../../arm-none-eabi/lib/thumb/v6-m/crt0.o
START GROUP
LOAD source/CMakeFiles/iot-example.dir/home/student/myexample/source/main.cpp.o
LOAD ym/microbit/source/microbit.a
LOAD ym/microbit-dal/source/microbit-dal.a
LOAD ym/ble/source/ble.a
LOAD ym/ble-nrf51822/source/ble-nrf51822.a
LOAD ym/ble/source/ble.a
LOAD ym/ble-nrf51822/source/ble-nrf51822.a
LOAD ym/nrf51-sdk/source/nrf51-sdk.a
LOAD ym/mbed-classic/existing/mbed-classic.a
LOAD /usr/bin/../lib/gcc/arm-none-eabi/7.2.1/../../../../arm-none-eabi/lib/thumb/v6-m/libnosys.a
LOAD /usr/bin/../lib/gcc/arm-none-eabi/7.2.1/../../../../arm-none-eabi/lib/thumb/v6-m/libstdc++_nano.a
LOAD /usr/bin/../lib/gcc/arm-none-eabi/7.2.1/../../../../arm-none-eabi/lib/thumb/v6-m/libsupc++_nano.a
LOAD /usr/bin/../lib/gcc/arm-none-eabi/7.2.1/thumb/v6-m/libgcc.a
LOAD /usr/bin/../lib/gcc/arm-none-eabi/7.2.1/../../../../arm-none-eabi/lib/thumb/v6-m/libstdc++_nano.a
LOAD /usr/bin/../lib/gcc/arm-none-eabi/7.2.1/../../../../arm-none-eabi/lib/thumb/v6-m/libsupc++_nano.a
LOAD /usr/bin/../lib/gcc/arm-none-eabi/7.2.1/../../../../arm-none-eabi/lib/thumb/v6-m/libm.a
LOAD /usr/bin/../lib/gcc/arm-none-eabi/7.2.1/../../../../arm-none-eabi/lib/thumb/v6-m/libc_nano.a
LOAD /usr/bin/../lib/gcc/arm-none-eabi/7.2.1/thumb/v6-m/libgcc.a
END GROUP
LOAD /usr/bin/../lib/gcc/arm-none-eabi/7.2.1/../../../../arm-none-eabi/lib/thumb/v6-m/libstdc++_nano.a
LOAD /usr/bin/../lib/gcc/arm-none-eabi/7.2.1/../../../../arm-none-eabi/lib/thumb/v6-m/libm.a
LOAD /usr/bin/../lib/gcc/arm-none-eabi/7.2.1/../../../../arm-none-eabi/lib/thumb/v6-m/libc_nano.a
START GROUP
LOAD /usr/bin/../lib/gcc/arm-none-eabi/7.2.1/thumb/v6-m/libgcc.a
LOAD /usr/bin/../lib/gcc/arm-none-eabi/7.2.1/../../../../arm-none-eabi/lib/thumb/v6-m/libc_nano.a
END GROUP
START GROUP
LOAD /usr/bin/../lib/gcc/arm-none-eabi/7.2.1/thumb/v6-m/libgcc.a
LOAD /usr/bin/../lib/gcc/arm-none-eabi/7.2.1/../../../../arm-none-eabi/lib/thumb/v6-m/libc_nano.a
END GROUP
LOAD /usr/bin/../lib/gcc/arm-none-eabi/7.2.1/thumb/v6-m/crtend.o
LOAD /usr/bin/../lib/gcc/arm-none-eabi/7.2.1/thumb/v6-m/crtn.o

.text           0x0000000000018000     0x35f4
 *(SORT_BY_ALIGNMENT(.Vectors))
 .Vectors       0x0000000000018000       0xc0 ym/mbed-classic/existing/mbed-classic.a(startup_NRF51822.S.obj)
                0x0000000000018000                __Vectors
 *(SORT_BY_ALIGNMENT(.text*))
 .text          0x00000000000180c0       0x48 /usr/bin/../lib/gcc/arm-none-eabi/7.2.1/thumb/v6-m/crtbegin.o
 .text          0x0000000000018108       0x78 /usr/bin/../lib/gcc/arm-none-eabi/7.2.1/../../../../arm-none-eabi/lib/thumb/v6-m/crt0.o
                0x0000000000018108                _mainCRTStartup
                0x0000000000018108                _start
 .text._Z9onPressed13MicroBitEvent
                0x0000000000018180       0x2c source/CMakeFiles/iot-example.dir/home/student/myexample/source/main.cpp.o
                0x0000000000018180                onPressed(MicroBitEvent)
 .text._ZN10EventModel6listenEiiPFv13MicroBitEventEt
                0x00000000000181ac       0x60 source/CMakeFiles/iot-example.dir/home/student/myexample/source/main.cpp.o
                0x00000000000181ac                EventModel::listen(int, int, void (*)(MicroBitEvent), unsigned short)
 .text.startup.main
                0x000000000001820c       0x48 source/CMakeFiles/iot-example.dir/home/student/myexample/source/main.cpp.o
                0x000000000001820c                main
 .text.startup._GLOBAL__sub_I_bus
                0x0000000000018254       0x8c source/CMakeFiles/iot-example.dir/home/student/myexample/source/main.cpp.o
 .text._Z14scheduler_tickv
                0x00000000000182e0       0x38 ym/microbit-dal/source/microbit-dal.a(MicroBitFiber.cpp.o)
                0x00000000000182e0                scheduler_tick()
 .text._Z15scheduler_event13MicroBitEvent
                0x0000000000018318       0xcc ym/microbit-dal/source/microbit-dal.a(MicroBitFiber.cpp.o)
                0x0000000000018318                scheduler_event(MicroBitEvent)
 .text._Z15getFiberContextv
                0x00000000000183e4       0x3c ym/microbit-dal/source/microbit-dal.a(MicroBitFiber.cpp.o)
                0x00000000000183e4                getFiberContext()
 .text._Z23fiber_scheduler_runningv
                0x0000000000018420       0x10 ym/microbit-dal/source/microbit-dal.a(MicroBitFiber.cpp.o)
                0x0000000000018420                fiber_scheduler_running()
 .text._Z14scheduler_initR10EventModel
                0x0000000000018430       0xa8 ym/microbit-dal/source/microbit-dal.a(MicroBitFiber.cpp.o)
                0x0000000000018430                scheduler_init(EventModel&)
 .text._Z14__create_fibermmmi
                0x00000000000184d8       0x50 ym/microbit-dal/source/microbit-dal.a(MicroBitFiber.cpp.o)
                0x00000000000184d8                __create_fiber(unsigned long, unsigned long, unsigned long, int)
 .text._Z24scheduler_runqueue_emptyv
                0x0000000000018528       0x10 ym/microbit-dal/source/microbit-dal.a(MicroBitFiber.cpp.o)
                0x0000000000018528                scheduler_runqueue_empty()
 .text._Z24fiber_add_idle_componentP17MicroBitComponent
                0x0000000000018538       0x1c ym/microbit-dal/source/microbit-dal.a(MicroBitFiber.cpp.o)
                0x0000000000018538                fiber_add_idle_component(MicroBitComponent*)
 .text._Z27fiber_remove_idle_componentP17MicroBitComponent
                0x0000000000018554       0x1c ym/microbit-dal/source/microbit-dal.a(MicroBitFiber.cpp.o)
                0x0000000000018554                fiber_remove_idle_component(MicroBitComponent*)
 .text._Z4idlev
                0x0000000000018570       0x30 ym/microbit-dal/source/microbit-dal.a(MicroBitFiber.cpp.o)
                0x0000000000018570                idle()
 .text._Z8schedulev
                0x00000000000185a0       0xc8 ym/microbit-dal/source/microbit-dal.a(MicroBitFiber.cpp.o)
                0x00000000000185a0                schedule()
 .text._Z11fiber_sleepm
                0x0000000000018668       0x54 ym/microbit-dal/source/microbit-dal.a(MicroBitFiber.cpp.o)
                0x0000000000018668                fiber_sleep(unsigned long)
 .text._Z19fiber_wake_on_eventtt
                0x00000000000186bc       0x9c ym/microbit-dal/source/microbit-dal.a(MicroBitFiber.cpp.o)
                0x00000000000186bc                fiber_wake_on_event(unsigned short, unsigned short)
 .text._Z13release_fiberv
                0x0000000000018758       0x28 ym/microbit-dal/source/microbit-dal.a(MicroBitFiber.cpp.o)
                0x0000000000018758                release_fiber()
 .text._Z6invokePFvPvES_
                0x0000000000018780       0x80 ym/microbit-dal/source/microbit-dal.a(MicroBitFiber.cpp.o)
                0x0000000000018780                invoke(void (*)(void*), void*)
 .text._Z15microbit_mallocj
                0x0000000000018800       0x40 ym/microbit-dal/source/microbit-dal.a(MicroBitHeapAllocator.cpp.o)
                0x0000000000018800                microbit_malloc(unsigned int)
 .text._Z13microbit_freePv
                0x0000000000018840       0x44 ym/microbit-dal/source/microbit-dal.a(MicroBitHeapAllocator.cpp.o)
                0x0000000000018840                microbit_free(void*)
 .text._Z23system_timer_set_periodi
                0x0000000000018884       0x44 ym/microbit-dal/source/microbit-dal.a(MicroBitSystemTimer.cpp.o)
                0x0000000000018884                system_timer_set_period(int)
 .text._Z17system_timer_initi
                0x00000000000188c8       0x54 ym/microbit-dal/source/microbit-dal.a(MicroBitSystemTimer.cpp.o)
                0x00000000000188c8                system_timer_init(int)
 .text._Z23system_timer_get_periodv
                0x000000000001891c        0xc ym/microbit-dal/source/microbit-dal.a(MicroBitSystemTimer.cpp.o)
                0x000000000001891c                system_timer_get_period()
 .text._Z11update_timev
                0x0000000000018928       0x44 ym/microbit-dal/source/microbit-dal.a(MicroBitSystemTimer.cpp.o)
                0x0000000000018928                update_time()
 .text._Z17system_timer_tickv
                0x000000000001896c       0x24 ym/microbit-dal/source/microbit-dal.a(MicroBitSystemTimer.cpp.o)
                0x000000000001896c                system_timer_tick()
 .text._Z25system_timer_current_timev
                0x0000000000018990       0x1c ym/microbit-dal/source/microbit-dal.a(MicroBitSystemTimer.cpp.o)
                0x0000000000018990                system_timer_current_time()
 .text._Z28system_timer_current_time_usv
                0x00000000000189ac       0x14 ym/microbit-dal/source/microbit-dal.a(MicroBitSystemTimer.cpp.o)
                0x00000000000189ac                system_timer_current_time_us()
 .text._Z26system_timer_add_componentP17MicroBitComponent
                0x00000000000189c0       0x3c ym/microbit-dal/source/microbit-dal.a(MicroBitSystemTimer.cpp.o)
                0x00000000000189c0                system_timer_add_component(MicroBitComponent*)
 .text._Z29system_timer_remove_componentP17MicroBitComponent
                0x00000000000189fc       0x1c ym/microbit-dal/source/microbit-dal.a(MicroBitSystemTimer.cpp.o)
                0x00000000000189fc                system_timer_remove_component(MicroBitComponent*)
 .text._ZN13ManagedStringC2Ev
                0x0000000000018a18        0xc ym/microbit-dal/source/microbit-dal.a(ManagedString.cpp.o)
                0x0000000000018a18                ManagedString::ManagedString()
                0x0000000000018a18                ManagedString::ManagedString()
 .text.startup._GLOBAL__sub_I__ZN13ManagedString9initEmptyEv
                0x0000000000018a24       0x28 ym/microbit-dal/source/microbit-dal.a(ManagedString.cpp.o)
 .text._ZN13MicroBitEvent4fireEv
                0x0000000000018a4c       0x28 ym/microbit-dal/source/microbit-dal.a(MicroBitEvent.cpp.o)
                0x0000000000018a4c                MicroBitEvent::fire()
 .text.startup._GLOBAL__sub_I__ZN12PacketBuffer11EmptyPacketE
                0x0000000000018a74       0x24 ym/microbit-dal/source/microbit-dal.a(PacketBuffer.cpp.o)
 .text._ZL16isReadOnlyInlineP10RefCounted
                0x0000000000018a98       0x24 ym/microbit-dal/source/microbit-dal.a(RefCounted.cpp.o)
 .text._ZN14MicroBitButton10systemTickEv
                0x0000000000018abc       0xdc ym/microbit-dal/source/microbit-dal.a(MicroBitButton.cpp.o)
                0x0000000000018abc                MicroBitButton::systemTick()
 .text._ZN14MicroBitButtonD2Ev
                0x0000000000018b98       0x18 ym/microbit-dal/source/microbit-dal.a(MicroBitButton.cpp.o)
                0x0000000000018b98                MicroBitButton::~MicroBitButton()
                0x0000000000018b98                MicroBitButton::~MicroBitButton()
 .text._ZN14MicroBitButtonC2E7PinNamet32MicroBitButtonEventConfiguration7PinMode
                0x0000000000018bb0       0x5c ym/microbit-dal/source/microbit-dal.a(MicroBitButton.cpp.o)
                0x0000000000018bb0                MicroBitButton::MicroBitButton(PinName, unsigned short, MicroBitButtonEventConfiguration, PinMode)
                0x0000000000018bb0                MicroBitButton::MicroBitButton(PinName, unsigned short, MicroBitButtonEventConfiguration, PinMode)
 .text._ZN15MicroBitDisplay15renderGreyscaleEv
                0x0000000000018c0c       0xfc ym/microbit-dal/source/microbit-dal.a(MicroBitDisplay.cpp.o)
                0x0000000000018c0c                MicroBitDisplay::renderGreyscale()
 .text._ZN4mbed6TickerD2Ev
                0x0000000000018d08       0x1c ym/microbit-dal/source/microbit-dal.a(MicroBitDisplay.cpp.o)
                0x0000000000018d08                mbed::Ticker::~Ticker()
                0x0000000000018d08                mbed::Ticker::~Ticker()
 .text._ZN15MicroBitDisplayD2Ev
                0x0000000000018d24       0x48 ym/microbit-dal/source/microbit-dal.a(MicroBitDisplay.cpp.o)
                0x0000000000018d24                MicroBitDisplay::~MicroBitDisplay()
                0x0000000000018d24                MicroBitDisplay::~MicroBitDisplay()
 .text._ZN15MicroBitDisplayC2EtRK9MatrixMap
                0x0000000000018d6c       0xd8 ym/microbit-dal/source/microbit-dal.a(MicroBitDisplay.cpp.o)
                0x0000000000018d6c                MicroBitDisplay::MicroBitDisplay(unsigned short, MatrixMap const&)
                0x0000000000018d6c                MicroBitDisplay::MicroBitDisplay(unsigned short, MatrixMap const&)
 .text._ZN15MicroBitDisplay6renderEv
                0x0000000000018e44       0xf4 ym/microbit-dal/source/microbit-dal.a(MicroBitDisplay.cpp.o)
                0x0000000000018e44                MicroBitDisplay::render()
 .text._ZN15MicroBitDisplay26sendAnimationCompleteEventEv
                0x0000000000018f38       0x24 ym/microbit-dal/source/microbit-dal.a(MicroBitDisplay.cpp.o)
                0x0000000000018f38                MicroBitDisplay::sendAnimationCompleteEvent()
 .text._ZN15MicroBitDisplay18waitForFreeDisplayEv
                0x0000000000018f5c       0x20 ym/microbit-dal/source/microbit-dal.a(MicroBitDisplay.cpp.o)
                0x0000000000018f5c                MicroBitDisplay::waitForFreeDisplay()
 .text._ZN15MicroBitDisplay9fiberWaitEv
                0x0000000000018f7c       0x2c ym/microbit-dal/source/microbit-dal.a(MicroBitDisplay.cpp.o)
                0x0000000000018f7c                MicroBitDisplay::fiberWait()
 .text._ZN15MicroBitDisplay14printCharAsyncEci
                0x0000000000018fa8       0x4c ym/microbit-dal/source/microbit-dal.a(MicroBitDisplay.cpp.o)
                0x0000000000018fa8                MicroBitDisplay::printCharAsync(char, int)
 .text._ZN15MicroBitDisplay10printAsyncE13ManagedStringi
                0x0000000000018ff4       0x6c ym/microbit-dal/source/microbit-dal.a(MicroBitDisplay.cpp.o)
                0x0000000000018ff4                MicroBitDisplay::printAsync(ManagedString, int)
 .text._ZN15MicroBitDisplay5printE13ManagedStringi
                0x0000000000019060       0x68 ym/microbit-dal/source/microbit-dal.a(MicroBitDisplay.cpp.o)
                0x0000000000019060                MicroBitDisplay::print(ManagedString, int)
 .text._ZN18MicroBitMessageBus6removeEP16MicroBitListener
                0x00000000000190c8       0x74 ym/microbit-dal/source/microbit-dal.a(MicroBitMessageBus.cpp.o)
                0x00000000000190c8                MicroBitMessageBus::remove(MicroBitListener*)
 .text._ZN18MicroBitMessageBus3addEP16MicroBitListener
                0x000000000001913c       0xd0 ym/microbit-dal/source/microbit-dal.a(MicroBitMessageBus.cpp.o)
                0x000000000001913c                MicroBitMessageBus::add(MicroBitListener*)
 .text._ZN18MicroBitMessageBusD2Ev
                0x000000000001920c       0x20 ym/microbit-dal/source/microbit-dal.a(MicroBitMessageBus.cpp.o)
                0x000000000001920c                MicroBitMessageBus::~MicroBitMessageBus()
                0x000000000001920c                MicroBitMessageBus::~MicroBitMessageBus()
 .text._ZThn4_N18MicroBitMessageBusD1Ev
                0x000000000001922c       0x10 ym/microbit-dal/source/microbit-dal.a(MicroBitMessageBus.cpp.o)
                0x000000000001922c                non-virtual thunk to MicroBitMessageBus::~MicroBitMessageBus()
 .text._ZThn4_N18MicroBitMessageBusD0Ev
                0x000000000001923c       0x10 ym/microbit-dal/source/microbit-dal.a(MicroBitMessageBus.cpp.o)
                0x000000000001923c                non-virtual thunk to MicroBitMessageBus::~MicroBitMessageBus()
 .text._ZN18MicroBitMessageBusC2Ev
                0x000000000001924c       0x3c ym/microbit-dal/source/microbit-dal.a(MicroBitMessageBus.cpp.o)
                0x000000000001924c                MicroBitMessageBus::MicroBitMessageBus()
                0x000000000001924c                MicroBitMessageBus::MicroBitMessageBus()
 .text._ZN18MicroBitMessageBus7processER13MicroBitEventb
                0x0000000000019288       0x84 ym/microbit-dal/source/microbit-dal.a(MicroBitMessageBus.cpp.o)
                0x0000000000019288                MicroBitMessageBus::process(MicroBitEvent&, bool)
 .text._ZThn4_N18MicroBitMessageBus8idleTickEv
                0x000000000001930c       0x10 ym/microbit-dal/source/microbit-dal.a(MicroBitMessageBus.cpp.o)
                0x000000000001930c                non-virtual thunk to MicroBitMessageBus::idleTick()
 .text          0x000000000001931c      0x124 ym/microbit-dal/source/microbit-dal.a(CortexContextSwitch.s.obj)
                0x000000000001931c                swap_context
                0x000000000001939e                save_context
                0x00000000000193e2                save_register_context
                0x0000000000019412                restore_register_context
 .text._Z14string_reversePc
                0x0000000000019440       0x2c ym/microbit-dal/source/microbit-dal.a(MicroBitCompat.cpp.o)
                0x0000000000019440                string_reverse(char*)
 .text._Z4itoaiPc
                0x000000000001946c       0x68 ym/microbit-dal/source/microbit-dal.a(MicroBitCompat.cpp.o)
                0x000000000001946c                itoa(int, char*)
 .text.NVIC_SystemReset
                0x00000000000194d4       0x18 ym/microbit-dal/source/microbit-dal.a(MicroBitDevice.cpp.o)
 .text._Z14microbit_panici
                0x00000000000194ec      0x170 ym/microbit-dal/source/microbit-dal.a(MicroBitDevice.cpp.o)
                0x00000000000194ec                microbit_panic(int)
 .text._ZN12MicroBitFont13getSystemFontEv
                0x000000000001965c       0x10 ym/microbit-dal/source/microbit-dal.a(MicroBitFont.cpp.o)
                0x000000000001965c                MicroBitFont::getSystemFont()
 .text.startup._GLOBAL__sub_I__ZN12MicroBitFont11defaultFontE
                0x000000000001966c       0x18 ym/microbit-dal/source/microbit-dal.a(MicroBitFont.cpp.o)
 .text._ZN13MicroBitImageC2Ev
                0x0000000000019684        0xc ym/microbit-dal/source/microbit-dal.a(MicroBitImage.cpp.o)
                0x0000000000019684                MicroBitImage::MicroBitImage()
                0x0000000000019684                MicroBitImage::MicroBitImage()
 .text._ZN13MicroBitImage10printImageEssPKh
                0x0000000000019690       0x5c ym/microbit-dal/source/microbit-dal.a(MicroBitImage.cpp.o)
                0x0000000000019690                MicroBitImage::printImage(short, short, unsigned char const*)
 .text._ZN13MicroBitImage4initEssPKh
                0x00000000000196ec       0x50 ym/microbit-dal/source/microbit-dal.a(MicroBitImage.cpp.o)
                0x00000000000196ec                MicroBitImage::init(short, short, unsigned char const*)
 .text._ZN13MicroBitImage5printEcss
                0x000000000001973c       0x90 ym/microbit-dal/source/microbit-dal.a(MicroBitImage.cpp.o)
                0x000000000001973c                MicroBitImage::print(char, short, short)
 .text._ZN13MicroBitImage9shiftLeftEs
                0x00000000000197cc       0x54 ym/microbit-dal/source/microbit-dal.a(MicroBitImage.cpp.o)
                0x00000000000197cc                MicroBitImage::shiftLeft(short)
 .text.startup._GLOBAL__sub_I__ZN13MicroBitImage10EmptyImageE
                0x0000000000019820       0x28 ym/microbit-dal/source/microbit-dal.a(MicroBitImage.cpp.o)
 .text._ZN4mbed10TimerEventC2Ev
                0x0000000000019848       0x2c ym/mbed-classic/existing/mbed-classic.a(TimerEvent.cpp.o)
                0x0000000000019848                mbed::TimerEvent::TimerEvent()
                0x0000000000019848                mbed::TimerEvent::TimerEvent()
 .text._ZN4mbed10TimerEventD2Ev
                0x0000000000019874       0x18 ym/mbed-classic/existing/mbed-classic.a(TimerEvent.cpp.o)
                0x0000000000019874                mbed::TimerEvent::~TimerEvent()
                0x0000000000019874                mbed::TimerEvent::~TimerEvent()
 .text._sbrk    0x000000000001988c       0x28 ym/mbed-classic/existing/mbed-classic.a(retarget.cpp.o)
                0x000000000001988c                _sbrk
 .text._ZN4mbed7TimeoutD2Ev
                0x00000000000198b4       0x1c ym/mbed-classic/existing/mbed-classic.a(Timeout.cpp.o)
                0x00000000000198b4                mbed::Timeout::~Timeout()
                0x00000000000198b4                mbed::Timeout::~Timeout()
 .text.get_us_ticker_data
                0x00000000000198d0        0x8 ym/mbed-classic/existing/mbed-classic.a(us_ticker_api.c.o)
                0x00000000000198d0                get_us_ticker_data
 .text.us_ticker_irq_handler
                0x00000000000198d8       0x10 ym/mbed-classic/existing/mbed-classic.a(us_ticker_api.c.o)
                0x00000000000198d8                us_ticker_irq_handler
 .text.set_time
                0x00000000000198e8       0x28 ym/mbed-classic/existing/mbed-classic.a(rtc_time.c.o)
                0x00000000000198e8                set_time
 .text.time     0x0000000000019910       0x3c ym/mbed-classic/existing/mbed-classic.a(rtc_time.c.o)
                0x0000000000019910                time
 .text.gpio_init
                0x000000000001994c       0x30 ym/mbed-classic/existing/mbed-classic.a(gpio_api.c.o)
                0x000000000001994c                gpio_init
 .text.tmr1_getCounter64
                0x000000000001997c       0x50 ym/mbed-classic/existing/mbed-classic.a(us_ticker.c.o)
 .text.TIMER1_IRQHandler
                0x00000000000199cc       0x50 ym/mbed-classic/existing/mbed-classic.a(us_ticker.c.o)
                0x00000000000199cc                TIMER1_IRQHandler
 .text.us_ticker_init
                0x0000000000019a1c       0x8c ym/mbed-classic/existing/mbed-classic.a(us_ticker.c.o)
                0x0000000000019a1c                us_ticker_init
 .text.us_ticker_read
                0x0000000000019aa8       0x18 ym/mbed-classic/existing/mbed-classic.a(us_ticker.c.o)
                0x0000000000019aa8                us_ticker_read
 .text.us_ticker_set_interrupt
                0x0000000000019ac0       0x54 ym/mbed-classic/existing/mbed-classic.a(us_ticker.c.o)
                0x0000000000019ac0                us_ticker_set_interrupt
 .text.UART0_IRQHandler
                0x0000000000019b14       0x4c ym/mbed-classic/existing/mbed-classic.a(serial_api.c.o)
                0x0000000000019b14                UART0_IRQHandler
 .text.port_init
                0x0000000000019b60       0x28 ym/mbed-classic/existing/mbed-classic.a(port_api.c.o)
                0x0000000000019b60                port_init
 .text          0x0000000000019b88       0x48 ym/mbed-classic/existing/mbed-classic.a(startup_NRF51822.S.obj)
                0x0000000000019b88                Reset_Handler
                0x0000000000019bc4                NMI_Handler
                0x0000000000019bc6                HardFault_Handler
                0x0000000000019bc8                SVC_Handler
                0x0000000000019bca                PendSV_Handler
                0x0000000000019bcc                SysTick_Handler
                0x0000000000019bce                TIMER2_IRQHandler
                0x0000000000019bce                SPI0_TWI0_IRQHandler
                0x0000000000019bce                RTC0_IRQHandler
                0x0000000000019bce                GPIOTE_IRQHandler
                0x0000000000019bce                POWER_CLOCK_IRQHandler
                0x0000000000019bce                RADIO_IRQHandler
                0x0000000000019bce                LPCOMP_IRQHandler
                0x0000000000019bce                SWI4_IRQHandler
                0x0000000000019bce                TEMP_IRQHandler
                0x0000000000019bce                QDEC_IRQHandler
                0x0000000000019bce                SWI5_IRQHandler
                0x0000000000019bce                TIMER0_IRQHandler
                0x0000000000019bce                SWI0_IRQHandler
                0x0000000000019bce                ECB_IRQHandler
                0x0000000000019bce                Default_Handler
                0x0000000000019bce                ADC_IRQHandler
                0x0000000000019bce                SWI3_IRQHandler
                0x0000000000019bce                CCM_AAR_IRQHandler
                0x0000000000019bce                WDT_IRQHandler
                0x0000000000019bce                SWI2_IRQHandler
                0x0000000000019bce                RNG_IRQHandler
                0x0000000000019bce                SPI1_TWI1_IRQHandler
                0x0000000000019bce                RTC1_IRQHandler
                0x0000000000019bce                SWI1_IRQHandler
 .text.SystemInit
                0x0000000000019bd0       0xac ym/mbed-classic/existing/mbed-classic.a(system_nrf51.c.o)
                0x0000000000019bd0                SystemInit
 .text          0x0000000000019c7c      0x1d4 /usr/bin/../lib/gcc/arm-none-eabi/7.2.1/thumb/v6-m/libgcc.a(_divsi3.o)
                0x0000000000019c7c                __aeabi_idiv
                0x0000000000019c7c                __divsi3
                0x0000000000019e48                __aeabi_idivmod
 .text          0x0000000000019e50        0x4 /usr/bin/../lib/gcc/arm-none-eabi/7.2.1/thumb/v6-m/libgcc.a(_dvmd_tls.o)
                0x0000000000019e50                __aeabi_ldiv0
                0x0000000000019e50                __aeabi_idiv0
 .text          0x0000000000019e54       0x40 /usr/bin/../lib/gcc/arm-none-eabi/7.2.1/thumb/v6-m/libgcc.a(_aeabi_uldivmod.o)
                0x0000000000019e54                __aeabi_uldivmod
 .text          0x0000000000019e94      0x184 /usr/bin/../lib/gcc/arm-none-eabi/7.2.1/thumb/v6-m/libgcc.a(_udivmoddi4.o)
                0x0000000000019e94                __udivmoddi4
 .text          0x000000000001a018       0x3c /usr/bin/../lib/gcc/arm-none-eabi/7.2.1/thumb/v6-m/libgcc.a(_clzsi2.o)
                0x000000000001a018                __clzsi2
 .text          0x000000000001a054       0x18 /usr/bin/../lib/gcc/arm-none-eabi/7.2.1/thumb/v6-m/libgcc.a(_clzdi2.o)
                0x000000000001a054                __clzdi2
 .text.__cxa_atexit
                0x000000000001a06c       0x1c /usr/bin/../lib/gcc/arm-none-eabi/7.2.1/../../../../arm-none-eabi/lib/thumb/v6-m/libc_nano.a(lib_a-cxa_atexit.o)
                0x000000000001a06c                __cxa_atexit
 .text.exit     0x000000000001a088       0x2c /usr/bin/../lib/gcc/arm-none-eabi/7.2.1/../../../../arm-none-eabi/lib/thumb/v6-m/libc_nano.a(lib_a-exit.o)
                0x000000000001a088                exit
 .text.__libc_init_array
                0x000000000001a0b4       0x48 /usr/bin/../lib/gcc/arm-none-eabi/7.2.1/../../../../arm-none-eabi/lib/thumb/v6-m/libc_nano.a(lib_a-init.o)
                0x000000000001a0b4                __libc_init_array
 .text.malloc   0x000000000001a0fc       0x14 /usr/bin/../lib/gcc/arm-none-eabi/7.2.1/../../../../arm-none-eabi/lib/thumb/v6-m/libc_nano.a(lib_a-malloc.o)
                0x000000000001a0fc                malloc
 .text.free     0x000000000001a110       0x14 /usr/bin/../lib/gcc/arm-none-eabi/7.2.1/../../../../arm-none-eabi/lib/thumb/v6-m/libc_nano.a(lib_a-malloc.o)
                0x000000000001a110                free
 .text._free_r  0x000000000001a124       0x94 /usr/bin/../lib/gcc/arm-none-eabi/7.2.1/../../../../arm-none-eabi/lib/thumb/v6-m/libc_nano.a(lib_a-nano-freer.o)
                0x000000000001a124                _free_r
 .text._malloc_r
                0x000000000001a1b8       0xbc /usr/bin/../lib/gcc/arm-none-eabi/7.2.1/../../../../arm-none-eabi/lib/thumb/v6-m/libc_nano.a(lib_a-nano-mallocr.o)
                0x000000000001a1b8                _malloc_r
 .text.srand    0x000000000001a274       0x48 /usr/bin/../lib/gcc/arm-none-eabi/7.2.1/../../../../arm-none-eabi/lib/thumb/v6-m/libc_nano.a(lib_a-rand.o)
                0x000000000001a274                srand
 .text.rand     0x000000000001a2bc       0x64 /usr/bin/../lib/gcc/arm-none-eabi/7.2.1/../../../../arm-none-eabi/lib/thumb/v6-m/libc_nano.a(lib_a-rand.o)
                0x000000000001a2bc                rand
 .text._sbrk_r  0x000000000001a320       0x24 /usr/bin/../lib/gcc/arm-none-eabi/7.2.1/../../../../arm-none-eabi/lib/thumb/v6-m/libc_nano.a(lib_a-sbrkr.o)
                0x000000000001a320                _sbrk_r
 .text          0x000000000001a344       0x54 /usr/bin/../lib/gcc/arm-none-eabi/7.2.1/thumb/v6-m/libgcc.a(_muldi3.o)
                0x000000000001a344                __aeabi_lmul
                0x000000000001a344                __muldi3
 .text._ZN17MicroBitComponent8idleTickEv
                0x000000000001a398        0x2 ym/microbit-dal/source/microbit-dal.a(MicroBitFiber.cpp.o)
                0x000000000001a398                MicroBitComponent::idleTick()
 .text._ZN27MicroBitSystemTimerCallback10systemTickEv
                0x000000000001a39a        0x8 ym/microbit-dal/source/microbit-dal.a(MicroBitFiber.cpp.o)
                0x000000000001a39a                MicroBitSystemTimerCallback::systemTick()
 .text._ZN27MicroBitSystemTimerCallbackD2Ev
                0x000000000001a3a2        0x2 ym/microbit-dal/source/microbit-dal.a(MicroBitFiber.cpp.o)
                0x000000000001a3a2                MicroBitSystemTimerCallback::~MicroBitSystemTimerCallback()
                0x000000000001a3a2                MicroBitSystemTimerCallback::~MicroBitSystemTimerCallback()
 .text._ZN27MicroBitSystemTimerCallbackD0Ev
                0x000000000001a3a4        0xc ym/microbit-dal/source/microbit-dal.a(MicroBitFiber.cpp.o)
                0x000000000001a3a4                MicroBitSystemTimerCallback::~MicroBitSystemTimerCallback()
 .text._Z11queue_fiberP5FiberPS0_
                0x000000000001a3b0       0x24 ym/microbit-dal/source/microbit-dal.a(MicroBitFiber.cpp.o)
                0x000000000001a3b0                queue_fiber(Fiber*, Fiber**)
 .text._Z13dequeue_fiberP5Fiber
                0x000000000001a3d4       0x2e ym/microbit-dal/source/microbit-dal.a(MicroBitFiber.cpp.o)
                0x000000000001a3d4                dequeue_fiber(Fiber*)
 .text._Z12create_fiberPFvPvES_S1_
                0x000000000001a402       0x1e ym/microbit-dal/source/microbit-dal.a(MicroBitFiber.cpp.o)
                0x000000000001a402                create_fiber(void (*)(void*), void*, void (*)(void*))
 .text._Z17verify_stack_sizeP5Fiber
                0x000000000001a420       0x32 ym/microbit-dal/source/microbit-dal.a(MicroBitFiber.cpp.o)
                0x000000000001a420                verify_stack_size(Fiber*)
 .text._Z20fiber_wait_for_eventtt
                0x000000000001a452       0x12 ym/microbit-dal/source/microbit-dal.a(MicroBitFiber.cpp.o)
                0x000000000001a452                fiber_wait_for_event(unsigned short, unsigned short)
 .text._Z16launch_new_fiberPFvvES0_
                0x000000000001a464        0xe ym/microbit-dal/source/microbit-dal.a(MicroBitFiber.cpp.o)
                0x000000000001a464                launch_new_fiber(void (*)(), void (*)())
 .text._Z13release_fiberPv
                0x000000000001a472       0x10 ym/microbit-dal/source/microbit-dal.a(MicroBitFiber.cpp.o)
                0x000000000001a472                release_fiber(void*)
 .text._Z22launch_new_fiber_paramPFvPvES1_S_
                0x000000000001a482       0x18 ym/microbit-dal/source/microbit-dal.a(MicroBitFiber.cpp.o)
                0x000000000001a482                launch_new_fiber_param(void (*)(void*), void (*)(void*), void*)
 .text._Z9idle_taskv
                0x000000000001a49a        0xc ym/microbit-dal/source/microbit-dal.a(MicroBitFiber.cpp.o)
                0x000000000001a49a                idle_task()
 .text._Z15microbit_mallocjR14HeapDefinition
                0x000000000001a4a6       0x82 ym/microbit-dal/source/microbit-dal.a(MicroBitHeapAllocator.cpp.o)
                0x000000000001a4a6                microbit_malloc(unsigned int, HeapDefinition&)
 .text._ZN16MicroBitListenerC2EttPFv13MicroBitEventEt
                0x000000000001a528       0x2e ym/microbit-dal/source/microbit-dal.a(MicroBitListener.cpp.o)
                0x000000000001a528                MicroBitListener::MicroBitListener(unsigned short, unsigned short, void (*)(MicroBitEvent), unsigned short)
                0x000000000001a528                MicroBitListener::MicroBitListener(unsigned short, unsigned short, void (*)(MicroBitEvent), unsigned short)
 .text._ZN16MicroBitListenerD2Ev
                0x000000000001a556       0x14 ym/microbit-dal/source/microbit-dal.a(MicroBitListener.cpp.o)
                0x000000000001a556                MicroBitListener::~MicroBitListener()
                0x000000000001a556                MicroBitListener::~MicroBitListener()
 .text._ZN16MicroBitListener5queueE13MicroBitEvent
                0x000000000001a56a       0x80 ym/microbit-dal/source/microbit-dal.a(MicroBitListener.cpp.o)
                0x000000000001a56a                MicroBitListener::queue(MicroBitEvent)
 .text._ZN13ManagedStringD2Ev
                0x000000000001a5ea        0xe ym/microbit-dal/source/microbit-dal.a(ManagedString.cpp.o)
                0x000000000001a5ea                ManagedString::~ManagedString()
                0x000000000001a5ea                ManagedString::~ManagedString()
 .text._ZN13ManagedString10initStringEPKc
                0x000000000001a5f8       0x2c ym/microbit-dal/source/microbit-dal.a(ManagedString.cpp.o)
                0x000000000001a5f8                ManagedString::initString(char const*)
 .text._ZN13ManagedStringC2Ei
                0x000000000001a624       0x1a ym/microbit-dal/source/microbit-dal.a(ManagedString.cpp.o)
                0x000000000001a624                ManagedString::ManagedString(int)
                0x000000000001a624                ManagedString::ManagedString(int)
 .text._ZN13ManagedStringC2ERKS_
                0x000000000001a63e       0x10 ym/microbit-dal/source/microbit-dal.a(ManagedString.cpp.o)
                0x000000000001a63e                ManagedString::ManagedString(ManagedString const&)
                0x000000000001a63e                ManagedString::ManagedString(ManagedString const&)
 .text._ZN13ManagedStringaSERKS_
                0x000000000001a64e       0x1e ym/microbit-dal/source/microbit-dal.a(ManagedString.cpp.o)
                0x000000000001a64e                ManagedString::operator=(ManagedString const&)
 .text._ZN13ManagedString6charAtEs
                0x000000000001a66c       0x1a ym/microbit-dal/source/microbit-dal.a(ManagedString.cpp.o)
                0x000000000001a66c                ManagedString::charAt(short)
 .text._ZN13MicroBitEventC2Ev
                0x000000000001a686       0x14 ym/microbit-dal/source/microbit-dal.a(MicroBitEvent.cpp.o)
                0x000000000001a686                MicroBitEvent::MicroBitEvent()
                0x000000000001a686                MicroBitEvent::MicroBitEvent()
 .text._ZN13MicroBitEventC2Ett23MicroBitEventLaunchMode
                0x000000000001a69a       0x20 ym/microbit-dal/source/microbit-dal.a(MicroBitEvent.cpp.o)
                0x000000000001a69a                MicroBitEvent::MicroBitEvent(unsigned short, unsigned short, MicroBitEventLaunchMode)
                0x000000000001a69a                MicroBitEvent::MicroBitEvent(unsigned short, unsigned short, MicroBitEventLaunchMode)
 .text._ZN22MicroBitEventQueueItemC2E13MicroBitEvent
                0x000000000001a6ba       0x26 ym/microbit-dal/source/microbit-dal.a(MicroBitEvent.cpp.o)
                0x000000000001a6ba                MicroBitEventQueueItem::MicroBitEventQueueItem(MicroBitEvent)
                0x000000000001a6ba                MicroBitEventQueueItem::MicroBitEventQueueItem(MicroBitEvent)
 .text._ZN12PacketBufferD2Ev
                0x000000000001a6e0        0xe ym/microbit-dal/source/microbit-dal.a(PacketBuffer.cpp.o)
                0x000000000001a6e0                PacketBuffer::~PacketBuffer()
                0x000000000001a6e0                PacketBuffer::~PacketBuffer()
 .text._ZN12PacketBuffer4initEPhii
                0x000000000001a6ee       0x36 ym/microbit-dal/source/microbit-dal.a(PacketBuffer.cpp.o)
                0x000000000001a6ee                PacketBuffer::init(unsigned char*, int, int)
 .text._ZN12PacketBufferC2Ei
                0x000000000001a724       0x12 ym/microbit-dal/source/microbit-dal.a(PacketBuffer.cpp.o)
                0x000000000001a724                PacketBuffer::PacketBuffer(int)
                0x000000000001a724                PacketBuffer::PacketBuffer(int)
 .text._ZN10RefCounted4initEv
                0x000000000001a736        0x6 ym/microbit-dal/source/microbit-dal.a(RefCounted.cpp.o)
                0x000000000001a736                RefCounted::init()
 .text._ZN10RefCounted4incrEv
                0x000000000001a73c       0x14 ym/microbit-dal/source/microbit-dal.a(RefCounted.cpp.o)
                0x000000000001a73c                RefCounted::incr()
 .text._ZN10RefCounted4decrEv
                0x000000000001a750       0x20 ym/microbit-dal/source/microbit-dal.a(RefCounted.cpp.o)
                0x000000000001a750                RefCounted::decr()
 .text._ZN14MicroBitButtonD0Ev
                0x000000000001a770       0x12 ym/microbit-dal/source/microbit-dal.a(MicroBitButton.cpp.o)
                0x000000000001a770                MicroBitButton::~MicroBitButton()
 .text._ZN4mbed19FunctionPointerArg1IvvE12membercallerI15MicroBitDisplayEEvPvPj
                0x000000000001a782       0x16 ym/microbit-dal/source/microbit-dal.a(MicroBitDisplay.cpp.o)
                0x000000000001a782                void mbed::FunctionPointerArg1<void, void>::membercaller<MicroBitDisplay>(void*, unsigned int*)
 .text._ZN15MicroBitDisplay12renderFinishEv
                0x000000000001a798        0xc ym/microbit-dal/source/microbit-dal.a(MicroBitDisplay.cpp.o)
                0x000000000001a798                MicroBitDisplay::renderFinish()
 .text._ZN15MicroBitDisplayD0Ev
                0x000000000001a7a4       0x12 ym/microbit-dal/source/microbit-dal.a(MicroBitDisplay.cpp.o)
                0x000000000001a7a4                MicroBitDisplay::~MicroBitDisplay()
 .text._ZN4mbed6TickerD0Ev
                0x000000000001a7b6       0x12 ym/microbit-dal/source/microbit-dal.a(MicroBitDisplay.cpp.o)
                0x000000000001a7b6                mbed::Ticker::~Ticker()
 .text._ZN15MicroBitDisplay16updateScrollTextEv
                0x000000000001a7c8       0x72 ym/microbit-dal/source/microbit-dal.a(MicroBitDisplay.cpp.o)
                0x000000000001a7c8                MicroBitDisplay::updateScrollText()
 .text._ZN15MicroBitDisplay15updatePrintTextEv
                0x000000000001a83a       0x50 ym/microbit-dal/source/microbit-dal.a(MicroBitDisplay.cpp.o)
                0x000000000001a83a                MicroBitDisplay::updatePrintText()
 .text._ZN15MicroBitDisplay17updateScrollImageEv
                0x000000000001a88a       0x58 ym/microbit-dal/source/microbit-dal.a(MicroBitDisplay.cpp.o)
                0x000000000001a88a                MicroBitDisplay::updateScrollImage()
 .text._ZN15MicroBitDisplay18updateAnimateImageEv
                0x000000000001a8e2       0x94 ym/microbit-dal/source/microbit-dal.a(MicroBitDisplay.cpp.o)
                0x000000000001a8e2                MicroBitDisplay::updateAnimateImage()
 .text._ZN15MicroBitDisplay15animationUpdateEv
                0x000000000001a976       0x74 ym/microbit-dal/source/microbit-dal.a(MicroBitDisplay.cpp.o)
                0x000000000001a976                MicroBitDisplay::animationUpdate()
 .text._ZN15MicroBitDisplay20renderWithLightSenseEv
                0x000000000001a9ea       0x32 ym/microbit-dal/source/microbit-dal.a(MicroBitDisplay.cpp.o)
                0x000000000001a9ea                MicroBitDisplay::renderWithLightSense()
 .text._ZN15MicroBitDisplay10systemTickEv
                0x000000000001aa1c       0x4e ym/microbit-dal/source/microbit-dal.a(MicroBitDisplay.cpp.o)
                0x000000000001aa1c                MicroBitDisplay::systemTick()
 .text._ZN17MicroBitComponent10systemTickEv
                0x000000000001aa6a        0x2 ym/microbit-dal/source/microbit-dal.a(MicroBitMessageBus.cpp.o)
                0x000000000001aa6a                MicroBitComponent::systemTick()
 .text._ZN18MicroBitMessageBus9elementAtEi
                0x000000000001aa6c       0x12 ym/microbit-dal/source/microbit-dal.a(MicroBitMessageBus.cpp.o)
                0x000000000001aa6c                MicroBitMessageBus::elementAt(int)
 .text._ZN18MicroBitMessageBusD0Ev
                0x000000000001aa7e       0x12 ym/microbit-dal/source/microbit-dal.a(MicroBitMessageBus.cpp.o)
                0x000000000001aa7e                MicroBitMessageBus::~MicroBitMessageBus()
 .text._Z14async_callbackPv
                0x000000000001aa90       0xa0 ym/microbit-dal/source/microbit-dal.a(MicroBitMessageBus.cpp.o)
                0x000000000001aa90                async_callback(void*)
 .text._ZN18MicroBitMessageBus12dequeueEventEv
                0x000000000001ab30       0x1e ym/microbit-dal/source/microbit-dal.a(MicroBitMessageBus.cpp.o)
                0x000000000001ab30                MicroBitMessageBus::dequeueEvent()
 .text._ZN18MicroBitMessageBus21deleteMarkedListenersEv
                0x000000000001ab4e       0x4a ym/microbit-dal/source/microbit-dal.a(MicroBitMessageBus.cpp.o)
                0x000000000001ab4e                MicroBitMessageBus::deleteMarkedListeners()
 .text._ZN18MicroBitMessageBus10queueEventER13MicroBitEvent
                0x000000000001ab98       0x68 ym/microbit-dal/source/microbit-dal.a(MicroBitMessageBus.cpp.o)
                0x000000000001ab98                MicroBitMessageBus::queueEvent(MicroBitEvent&)
 .text._ZN18MicroBitMessageBus4sendE13MicroBitEvent
                0x000000000001ac00       0x18 ym/microbit-dal/source/microbit-dal.a(MicroBitMessageBus.cpp.o)
                0x000000000001ac00                MicroBitMessageBus::send(MicroBitEvent)
 .text._ZN18MicroBitMessageBus8idleTickEv
                0x000000000001ac18       0x2c ym/microbit-dal/source/microbit-dal.a(MicroBitMessageBus.cpp.o)
                0x000000000001ac18                MicroBitMessageBus::idleTick()
 .text._ZN22MemberFunctionCallback4fireE13MicroBitEvent
                0x000000000001ac44       0x2a ym/microbit-dal/source/microbit-dal.a(MemberFunctionCallback.cpp.o)
                0x000000000001ac44                MemberFunctionCallback::fire(MicroBitEvent)
 .text._ZN22MemberFunctionCallbackeqERKS_
                0x000000000001ac6e       0x22 ym/microbit-dal/source/microbit-dal.a(MemberFunctionCallback.cpp.o)
                0x000000000001ac6e                MemberFunctionCallback::operator==(MemberFunctionCallback const&)
 .text._ZN13MicroBitImageD2Ev
                0x000000000001ac90        0xe ym/microbit-dal/source/microbit-dal.a(MicroBitImage.cpp.o)
                0x000000000001ac90                MicroBitImage::~MicroBitImage()
                0x000000000001ac90                MicroBitImage::~MicroBitImage()
 .text._Z6memclrPvj
                0x000000000001ac9e        0xc ym/microbit-dal/source/microbit-dal.a(MicroBitImage.cpp.o)
                0x000000000001ac9e                memclr(void*, unsigned int)
 .text._ZN13MicroBitImage5clearEv
                0x000000000001acaa       0x12 ym/microbit-dal/source/microbit-dal.a(MicroBitImage.cpp.o)
                0x000000000001acaa                MicroBitImage::clear()
 .text._ZN13MicroBitImageC2Ess
                0x000000000001acbc        0xe ym/microbit-dal/source/microbit-dal.a(MicroBitImage.cpp.o)
                0x000000000001acbc                MicroBitImage::MicroBitImage(short, short)
                0x000000000001acbc                MicroBitImage::MicroBitImage(short, short)
 .text._ZN13MicroBitImage5pasteERKS_ssh
                0x000000000001acca      0x110 ym/microbit-dal/source/microbit-dal.a(MicroBitImage.cpp.o)
                0x000000000001acca                MicroBitImage::paste(MicroBitImage const&, short, short, unsigned char)
 .text._ZN4mbed5Timer5startEv
                0x000000000001adda       0x18 ym/mbed-classic/existing/mbed-classic.a(Timer.cpp.o)
                0x000000000001adda                mbed::Timer::start()
 .text._ZN4mbed5Timer9slicetimeEv
                0x000000000001adf2       0x16 ym/mbed-classic/existing/mbed-classic.a(Timer.cpp.o)
                0x000000000001adf2                mbed::Timer::slicetime()
 .text._ZN4mbed5Timer7read_usEv
                0x000000000001ae08        0xc ym/mbed-classic/existing/mbed-classic.a(Timer.cpp.o)
                0x000000000001ae08                mbed::Timer::read_us()
 .text._ZN4mbed5Timer5resetEv
                0x000000000001ae14       0x12 ym/mbed-classic/existing/mbed-classic.a(Timer.cpp.o)
                0x000000000001ae14                mbed::Timer::reset()
 .text._ZN4mbed5TimerC2Ev
                0x000000000001ae26       0x1c ym/mbed-classic/existing/mbed-classic.a(Timer.cpp.o)
                0x000000000001ae26                mbed::Timer::Timer()
                0x000000000001ae26                mbed::Timer::Timer()
 .text._ZN4mbed10TimerEvent3irqEm
                0x000000000001ae42        0xa ym/mbed-classic/existing/mbed-classic.a(TimerEvent.cpp.o)
                0x000000000001ae42                mbed::TimerEvent::irq(unsigned long)
 .text._ZN4mbed10TimerEvent6insertEm
                0x000000000001ae4c       0x10 ym/mbed-classic/existing/mbed-classic.a(TimerEvent.cpp.o)
                0x000000000001ae4c                mbed::TimerEvent::insert(unsigned long)
 .text._ZN4mbed10TimerEvent6removeEv
                0x000000000001ae5c        0xc ym/mbed-classic/existing/mbed-classic.a(TimerEvent.cpp.o)
                0x000000000001ae5c                mbed::TimerEvent::remove()
 .text._ZN4mbed6Ticker7handlerEv
                0x000000000001ae68       0x2c ym/mbed-classic/existing/mbed-classic.a(Ticker.cpp.o)
                0x000000000001ae68                mbed::Ticker::handler()
 .text._ZN4mbed6Ticker6detachEv
                0x000000000001ae94       0x10 ym/mbed-classic/existing/mbed-classic.a(Ticker.cpp.o)
                0x000000000001ae94                mbed::Ticker::detach()
 .text._ZN4mbed6Ticker5setupEm
                0x000000000001aea4       0x1c ym/mbed-classic/existing/mbed-classic.a(Ticker.cpp.o)
                0x000000000001aea4                mbed::Ticker::setup(unsigned long)
 .text.__cxa_pure_virtual
                0x000000000001aec0        0x8 ym/mbed-classic/existing/mbed-classic.a(retarget.cpp.o)
                0x000000000001aec0                __cxa_pure_virtual
 .text.mbed_main
                0x000000000001aec8        0x2 ym/mbed-classic/existing/mbed-classic.a(retarget.cpp.o)
                0x000000000001aec8                mbed_main
 .text.mbed_sdk_init
                0x000000000001aeca        0x2 ym/mbed-classic/existing/mbed-classic.a(retarget.cpp.o)
                0x000000000001aeca                mbed_sdk_init
 .text.__wrap_main
                0x000000000001aecc       0x10 ym/mbed-classic/existing/mbed-classic.a(retarget.cpp.o)
                0x000000000001aecc                __wrap_main
 .text._exit    0x000000000001aedc        0xc ym/mbed-classic/existing/mbed-classic.a(retarget.cpp.o)
                0x000000000001aedc                _exit
 .text._ZN4mbed7Timeout7handlerEv
                0x000000000001aee8       0x1e ym/mbed-classic/existing/mbed-classic.a(Timeout.cpp.o)
                0x000000000001aee8                mbed::Timeout::handler()
 .text._ZN4mbed7TimeoutD0Ev
                0x000000000001af06       0x12 ym/mbed-classic/existing/mbed-classic.a(Timeout.cpp.o)
                0x000000000001af06                mbed::Timeout::~Timeout()
 .text._gpio_init_in
                0x000000000001af18       0x22 ym/mbed-classic/existing/mbed-classic.a(gpio.c.o)
 .text._gpio_init_out.part.1
                0x000000000001af3a       0x26 ym/mbed-classic/existing/mbed-classic.a(gpio.c.o)
 .text.gpio_init_in
                0x000000000001af60        0xa ym/mbed-classic/existing/mbed-classic.a(gpio.c.o)
                0x000000000001af60                gpio_init_in
 .text.gpio_init_in_ex
                0x000000000001af6a        0x8 ym/mbed-classic/existing/mbed-classic.a(gpio.c.o)
                0x000000000001af6a                gpio_init_in_ex
 .text.gpio_init_out_ex
                0x000000000001af72       0x1c ym/mbed-classic/existing/mbed-classic.a(gpio.c.o)
                0x000000000001af72                gpio_init_out_ex
 .text.gpio_init_out
                0x000000000001af8e        0xa ym/mbed-classic/existing/mbed-classic.a(gpio.c.o)
                0x000000000001af8e                gpio_init_out
 .text.ticker_set_handler
                0x000000000001af98       0x12 ym/mbed-classic/existing/mbed-classic.a(ticker_api.c.o)
                0x000000000001af98                ticker_set_handler
 .text.ticker_irq_handler
                0x000000000001afaa       0x44 ym/mbed-classic/existing/mbed-classic.a(ticker_api.c.o)
                0x000000000001afaa                ticker_irq_handler
 .text.ticker_insert_event
                0x000000000001afee       0x38 ym/mbed-classic/existing/mbed-classic.a(ticker_api.c.o)
                0x000000000001afee                ticker_insert_event
 .text.ticker_remove_event
                0x000000000001b026       0x38 ym/mbed-classic/existing/mbed-classic.a(ticker_api.c.o)
                0x000000000001b026                ticker_remove_event
 .text.ticker_read
                0x000000000001b05e        0xa ym/mbed-classic/existing/mbed-classic.a(ticker_api.c.o)
                0x000000000001b05e                ticker_read
 .text.mbed_die
                0x000000000001b068       0x68 ym/mbed-classic/existing/mbed-classic.a(board.c.o)
                0x000000000001b068                mbed_die
 .text.wait_us  0x000000000001b0d0       0x16 ym/mbed-classic/existing/mbed-classic.a(wait_api.c.o)
                0x000000000001b0d0                wait_us
 .text.wait_ms  0x000000000001b0e6        0xe ym/mbed-classic/existing/mbed-classic.a(wait_api.c.o)
                0x000000000001b0e6                wait_ms
 .text.gpio_mode
                0x000000000001b0f4        0xc ym/mbed-classic/existing/mbed-classic.a(gpio_api.c.o)
                0x000000000001b0f4                gpio_mode
 .text.gpio_dir
                0x000000000001b100       0x1c ym/mbed-classic/existing/mbed-classic.a(gpio_api.c.o)
                0x000000000001b100                gpio_dir
 .text.pin_mode
                0x000000000001b11c       0x20 ym/mbed-classic/existing/mbed-classic.a(pinmap.c.o)
                0x000000000001b11c                pin_mode
 .text.us_ticker_disable_interrupt
                0x000000000001b13c        0x2 ym/mbed-classic/existing/mbed-classic.a(us_ticker.c.o)
                0x000000000001b13c                us_ticker_disable_interrupt
 .text.us_ticker_clear_interrupt
                0x000000000001b13e        0x2 ym/mbed-classic/existing/mbed-classic.a(us_ticker.c.o)
                0x000000000001b13e                us_ticker_clear_interrupt
 .text.port_dir
                0x000000000001b140       0x46 ym/mbed-classic/existing/mbed-classic.a(port_api.c.o)
                0x000000000001b140                port_dir
 .text.port_write
                0x000000000001b186       0x14 ym/mbed-classic/existing/mbed-classic.a(port_api.c.o)
                0x000000000001b186                port_write
 .text.__aeabi_atexit
                0x000000000001b19a        0xe /usr/bin/../lib/gcc/arm-none-eabi/7.2.1/../../../../arm-none-eabi/lib/thumb/v6-m/libstdc++_nano.a(atexit_arm.o)
                0x000000000001b19a                __aeabi_atexit
 .text._ZdlPv   0x000000000001b1a8        0x8 /usr/bin/../lib/gcc/arm-none-eabi/7.2.1/../../../../arm-none-eabi/lib/thumb/v6-m/libstdc++_nano.a(del_op.o)
                0x000000000001b1a8                operator delete(void*)
 .text.memcmp   0x000000000001b1b0       0x1e /usr/bin/../lib/gcc/arm-none-eabi/7.2.1/../../../../arm-none-eabi/lib/thumb/v6-m/libc_nano.a(lib_a-memcmp.o)
                0x000000000001b1b0                memcmp
 .text.memcpy   0x000000000001b1ce       0x12 /usr/bin/../lib/gcc/arm-none-eabi/7.2.1/../../../../arm-none-eabi/lib/thumb/v6-m/libc_nano.a(lib_a-memcpy-stub.o)
                0x000000000001b1ce                memcpy
 .text.memset   0x000000000001b1e0       0x10 /usr/bin/../lib/gcc/arm-none-eabi/7.2.1/../../../../arm-none-eabi/lib/thumb/v6-m/libc_nano.a(lib_a-memset.o)
                0x000000000001b1e0                memset
 .text          0x000000000001b1f0        0xe /usr/bin/../lib/gcc/arm-none-eabi/7.2.1/../../../../arm-none-eabi/lib/thumb/v6-m/libc_nano.a(lib_a-strlen.o)
                0x000000000001b1f0                strlen
 .text.__malloc_lock
                0x000000000001b1fe        0x2 /usr/bin/../lib/gcc/arm-none-eabi/7.2.1/../../../../arm-none-eabi/lib/thumb/v6-m/libc_nano.a(lib_a-mlock.o)
                0x000000000001b1fe                __malloc_lock
 .text.__malloc_unlock
                0x000000000001b200        0x2 /usr/bin/../lib/gcc/arm-none-eabi/7.2.1/../../../../arm-none-eabi/lib/thumb/v6-m/libc_nano.a(lib_a-mlock.o)
                0x000000000001b200                __malloc_unlock
 *(SORT_BY_ALIGNMENT(.init))
 *fill*         0x000000000001b202        0x2 
 .init          0x000000000001b204        0x4 /usr/bin/../lib/gcc/arm-none-eabi/7.2.1/thumb/v6-m/crti.o
                0x000000000001b204                _init
 .init          0x000000000001b208        0x8 /usr/bin/../lib/gcc/arm-none-eabi/7.2.1/thumb/v6-m/crtn.o
 *(SORT_BY_ALIGNMENT(.fini))
 .fini          0x000000000001b210        0x4 /usr/bin/../lib/gcc/arm-none-eabi/7.2.1/thumb/v6-m/crti.o
                0x000000000001b210                _fini
 .fini          0x000000000001b214        0x8 /usr/bin/../lib/gcc/arm-none-eabi/7.2.1/thumb/v6-m/crtn.o
 *crtbegin.o(SORT_BY_ALIGNMENT(.ctors))
 *crtbegin?.o(SORT_BY_ALIGNMENT(.ctors))
 *(SORT_BY_ALIGNMENT(EXCLUDE_FILE(*crtend.o *crtend?.o) .ctors))
 *(SORT_BY_NAME(SORT_BY_ALIGNMENT(.ctors.*)))
 *(SORT_BY_ALIGNMENT(.ctors))
 *crtbegin.o(SORT_BY_ALIGNMENT(.dtors))
 *crtbegin?.o(SORT_BY_ALIGNMENT(.dtors))
 *(SORT_BY_ALIGNMENT(EXCLUDE_FILE(*crtend.o *crtend?.o) .dtors))
 *(SORT_BY_NAME(SORT_BY_ALIGNMENT(.dtors.*)))
 *(SORT_BY_ALIGNMENT(.dtors))
 *(SORT_BY_ALIGNMENT(.rodata*))
 .rodata._ZL17microbitMatrixMap
                0x000000000001b21c       0x18 source/CMakeFiles/iot-example.dir/home/student/myexample/source/main.cpp.o
 .rodata._ZTV27MicroBitSystemTimerCallback
                0x000000000001b234       0x18 ym/microbit-dal/source/microbit-dal.a(MicroBitFiber.cpp.o)
                0x000000000001b234                vtable for MicroBitSystemTimerCallback
 .rodata._ZL5empty
                0x000000000001b24c        0x6 ym/microbit-dal/source/microbit-dal.a(ManagedString.cpp.o)
 *fill*         0x000000000001b252        0x2 
 .rodata._ZTV14MicroBitButton
                0x000000000001b254       0x18 ym/microbit-dal/source/microbit-dal.a(MicroBitButton.cpp.o)
                0x000000000001b254                vtable for MicroBitButton
 .rodata._ZL16greyScaleTimings
                0x000000000001b26c       0x20 ym/microbit-dal/source/microbit-dal.a(MicroBitDisplay.cpp.o)
 .rodata._ZTV15MicroBitDisplay
                0x000000000001b28c       0x18 ym/microbit-dal/source/microbit-dal.a(MicroBitDisplay.cpp.o)
                0x000000000001b28c                vtable for MicroBitDisplay
 .rodata._ZTV18MicroBitMessageBus
                0x000000000001b2a4       0x3c ym/microbit-dal/source/microbit-dal.a(MicroBitMessageBus.cpp.o)
                0x000000000001b2a4                vtable for MicroBitMessageBus
 .rodata._ZL5empty
                0x000000000001b2e0        0x8 ym/microbit-dal/source/microbit-dal.a(MicroBitImage.cpp.o)
 .rodata._ZTVN4mbed10TimerEventE
                0x000000000001b2e8       0x14 ym/mbed-classic/existing/mbed-classic.a(TimerEvent.cpp.o)
                0x000000000001b2e8                vtable for mbed::TimerEvent
 .rodata._ZTVN4mbed6TickerE
                0x000000000001b2fc       0x14 ym/mbed-classic/existing/mbed-classic.a(Ticker.cpp.o)
                0x000000000001b2fc                vtable for mbed::Ticker
 .rodata._ZTVN4mbed7TimeoutE
                0x000000000001b310       0x14 ym/mbed-classic/existing/mbed-classic.a(Timeout.cpp.o)
                0x000000000001b310                vtable for mbed::Timeout
 .rodata.us_data
                0x000000000001b324        0x8 ym/mbed-classic/existing/mbed-classic.a(us_ticker_api.c.o)
 .rodata.us_interface
                0x000000000001b32c       0x14 ym/mbed-classic/existing/mbed-classic.a(us_ticker_api.c.o)
 .rodata.__sf_fake_stderr
                0x000000000001b340       0x20 /usr/bin/../lib/gcc/arm-none-eabi/7.2.1/../../../../arm-none-eabi/lib/thumb/v6-m/libc_nano.a(lib_a-findfp.o)
                0x000000000001b340                __sf_fake_stderr
 .rodata.__sf_fake_stdin
                0x000000000001b360       0x20 /usr/bin/../lib/gcc/arm-none-eabi/7.2.1/../../../../arm-none-eabi/lib/thumb/v6-m/libc_nano.a(lib_a-findfp.o)
                0x000000000001b360                __sf_fake_stdin
 .rodata.__sf_fake_stdout
                0x000000000001b380       0x20 /usr/bin/../lib/gcc/arm-none-eabi/7.2.1/../../../../arm-none-eabi/lib/thumb/v6-m/libc_nano.a(lib_a-findfp.o)
                0x000000000001b380                __sf_fake_stdout
 .rodata._global_impure_ptr
                0x000000000001b3a0        0x4 /usr/bin/../lib/gcc/arm-none-eabi/7.2.1/../../../../arm-none-eabi/lib/thumb/v6-m/libc_nano.a(lib_a-impure.o)
                0x000000000001b3a0                _global_impure_ptr
 .rodata._ZL18microbitDisplayMap
                0x000000000001b3a4       0x36 source/CMakeFiles/iot-example.dir/home/student/myexample/source/main.cpp.o
 .rodata._ZL18microbitDisplayMap
                0x000000000001b3da       0x36 ym/microbit-dal/source/microbit-dal.a(MicroBitDevice.cpp.o)
 .rodata._ZL9panicFace
                0x000000000001b410        0x5 ym/microbit-dal/source/microbit-dal.a(MicroBitDevice.cpp.o)
 .rodata._ZL10pendolino3
                0x000000000001b415      0x1db ym/microbit-dal/source/microbit-dal.a(MicroBitFont.cpp.o)
 *(SORT_BY_ALIGNMENT(.eh_frame*))
 .eh_frame      0x000000000001b5f0        0x0 /usr/bin/../lib/gcc/arm-none-eabi/7.2.1/thumb/v6-m/crtbegin.o
 .eh_frame      0x000000000001b5f0        0x4 /usr/bin/../lib/gcc/arm-none-eabi/7.2.1/thumb/v6-m/crtend.o

.glue_7         0x000000000001b5f4        0x0
 .glue_7        0x000000000001b5f4        0x0 linker stubs

.glue_7t        0x000000000001b5f4        0x0
 .glue_7t       0x000000000001b5f4        0x0 linker stubs

.vfp11_veneer   0x000000000001b5f4        0x0
 .vfp11_veneer  0x000000000001b5f4        0x0 linker stubs

.v4_bx          0x000000000001b5f4        0x0
 .v4_bx         0x000000000001b5f4        0x0 linker stubs

.iplt           0x000000000001b5f4        0x0
 .iplt          0x000000000001b5f4        0x0 /usr/bin/../lib/gcc/arm-none-eabi/7.2.1/thumb/v6-m/crtbegin.o

.ARM.extab
 *(SORT_BY_ALIGNMENT(.ARM.extab*) SORT_BY_ALIGNMENT(.gnu.linkonce.armextab.*))
                0x000000000001b5f4                __exidx_start = .

.ARM.exidx      0x000000000001b5f4        0x8
 *(SORT_BY_ALIGNMENT(.ARM.exidx*) SORT_BY_ALIGNMENT(.gnu.linkonce.armexidx.*))
 .ARM.exidx     0x000000000001b5f4        0x8 /usr/bin/../lib/gcc/arm-none-eabi/7.2.1/../../../../arm-none-eabi/lib/thumb/v6-m/crt0.o
 .ARM.exidx     0x000000000001b5fc        0x0 ym/mbed-classic/existing/mbed-classic.a(startup_NRF51822.S.obj)
                                          0x8 (size before relaxing)
 .ARM.exidx     0x000000000001b5fc        0x0 /usr/bin/../lib/gcc/arm-none-eabi/7.2.1/thumb/v6-m/libgcc.a(_udivmoddi4.o)
                                          0x8 (size before relaxing)
                0x000000000001b5fc                __exidx_end = .
                0x000000000001b5fc                __etext = .

.rel.dyn        0x000000000001b5fc        0x0
 .rel.iplt      0x000000000001b5fc        0x0 /usr/bin/../lib/gcc/arm-none-eabi/7.2.1/thumb/v6-m/crtbegin.o

.data           0x0000000020002000       0x8c load address 0x000000000001b5fc
                0x0000000020002000                __data_start__ = .
 *(SORT_BY_ALIGNMENT(vtable))
 *(SORT_BY_ALIGNMENT(.data*))
 .data          0x0000000020002000        0x4 /usr/bin/../lib/gcc/arm-none-eabi/7.2.1/thumb/v6-m/crtbegin.o
                0x0000000020002000                __dso_handle
 .data._ZN12MicroBitFont11defaultFontE
                0x0000000020002004        0x4 ym/microbit-dal/source/microbit-dal.a(MicroBitFont.cpp.o)
                0x0000000020002004                MicroBitFont::defaultFont
 .data._ZZ5_sbrkE4heap
                0x0000000020002008        0x4 ym/mbed-classic/existing/mbed-classic.a(retarget.cpp.o)
 .data._impure_ptr
                0x000000002000200c        0x4 /usr/bin/../lib/gcc/arm-none-eabi/7.2.1/../../../../arm-none-eabi/lib/thumb/v6-m/libc_nano.a(lib_a-impure.o)
                0x000000002000200c                _impure_ptr
 .data.impure_data
                0x0000000020002010       0x60 /usr/bin/../lib/gcc/arm-none-eabi/7.2.1/../../../../arm-none-eabi/lib/thumb/v6-m/libc_nano.a(lib_a-impure.o)
                0x0000000020002070                . = ALIGN (0x4)
                0x0000000020002070                PROVIDE (__preinit_array_start, .)
 *(SORT_BY_ALIGNMENT(.preinit_array))
                0x0000000020002070                PROVIDE (__preinit_array_end, .)
                0x0000000020002070                . = ALIGN (0x4)
                0x0000000020002070                PROVIDE (__init_array_start, .)
 *(SORT_BY_NAME(SORT_BY_ALIGNMENT(.init_array.*)))
 *(SORT_BY_ALIGNMENT(.init_array))
 .init_array    0x0000000020002070        0x4 /usr/bin/../lib/gcc/arm-none-eabi/7.2.1/thumb/v6-m/crtbegin.o
 .init_array    0x0000000020002074        0x4 source/CMakeFiles/iot-example.dir/home/student/myexample/source/main.cpp.o
 .init_array    0x0000000020002078        0x4 ym/microbit-dal/source/microbit-dal.a(ManagedString.cpp.o)
 .init_array    0x000000002000207c        0x4 ym/microbit-dal/source/microbit-dal.a(PacketBuffer.cpp.o)
 .init_array    0x0000000020002080        0x4 ym/microbit-dal/source/microbit-dal.a(MicroBitFont.cpp.o)
 .init_array    0x0000000020002084        0x4 ym/microbit-dal/source/microbit-dal.a(MicroBitImage.cpp.o)
                0x0000000020002088                PROVIDE (__init_array_end, .)
                0x0000000020002088                . = ALIGN (0x4)
                [!provide]                        PROVIDE (__fini_array_start, .)
 *(SORT_BY_NAME(SORT_BY_ALIGNMENT(.fini_array.*)))
 *(SORT_BY_ALIGNMENT(.fini_array))
 .fini_array    0x0000000020002088        0x4 /usr/bin/../lib/gcc/arm-none-eabi/7.2.1/thumb/v6-m/crtbegin.o
                [!provide]                        PROVIDE (__fini_array_end, .)
 *(SORT_BY_ALIGNMENT(.jcr))
                0x000000002000208c                . = ALIGN (0x4)
                0x000000002000208c                __data_end__ = .

.igot.plt       0x000000002000208c        0x0 load address 0x000000000001b688
 .igot.plt      0x000000002000208c        0x0 /usr/bin/../lib/gcc/arm-none-eabi/7.2.1/thumb/v6-m/crtbegin.o

.bss            0x0000000020002090      0x1d8 load address 0x000000000001b690
                0x0000000020002090                . = ALIGN (0x4)
                0x0000000020002090                __bss_start__ = .
 *(SORT_BY_ALIGNMENT(.bss*))
 .bss._ZL7time_us
                0x0000000020002090        0x8 ym/microbit-dal/source/microbit-dal.a(MicroBitSystemTimer.cpp.o)
 .bss           0x0000000020002098       0x1c /usr/bin/../lib/gcc/arm-none-eabi/7.2.1/thumb/v6-m/crtbegin.o
 .bss.bus       0x00000000200020b4       0x1c source/CMakeFiles/iot-example.dir/home/student/myexample/source/main.cpp.o
                0x00000000200020b4                bus
 .bss.buttonA   0x00000000200020d0       0x28 source/CMakeFiles/iot-example.dir/home/student/myexample/source/main.cpp.o
                0x00000000200020d0                buttonA
 .bss.buttonB   0x00000000200020f8       0x28 source/CMakeFiles/iot-example.dir/home/student/myexample/source/main.cpp.o
                0x00000000200020f8                buttonB
 .bss.display   0x0000000020002120       0x78 source/CMakeFiles/iot-example.dir/home/student/myexample/source/main.cpp.o
                0x0000000020002120                display
 .bss._ZL10messageBus
                0x0000000020002198        0x4 ym/microbit-dal/source/microbit-dal.a(MicroBitFiber.cpp.o)
 .bss._ZL10sleepQueue
                0x000000002000219c        0x4 ym/microbit-dal/source/microbit-dal.a(MicroBitFiber.cpp.o)
 .bss._ZL11forkedFiber
                0x00000000200021a0        0x4 ym/microbit-dal/source/microbit-dal.a(MicroBitFiber.cpp.o)
 .bss._ZL20idleThreadComponents
                0x00000000200021a4       0x18 ym/microbit-dal/source/microbit-dal.a(MicroBitFiber.cpp.o)
 .bss._ZL8runQueue
                0x00000000200021bc        0x4 ym/microbit-dal/source/microbit-dal.a(MicroBitFiber.cpp.o)
 .bss._ZL9fiberPool
                0x00000000200021c0        0x4 ym/microbit-dal/source/microbit-dal.a(MicroBitFiber.cpp.o)
 .bss._ZL9idleFiber
                0x00000000200021c4        0x4 ym/microbit-dal/source/microbit-dal.a(MicroBitFiber.cpp.o)
 .bss._ZL9waitQueue
                0x00000000200021c8        0x4 ym/microbit-dal/source/microbit-dal.a(MicroBitFiber.cpp.o)
 .bss.currentFiber
                0x00000000200021cc        0x4 ym/microbit-dal/source/microbit-dal.a(MicroBitFiber.cpp.o)
                0x00000000200021cc                currentFiber
 .bss.heap      0x00000000200021d0       0x10 ym/microbit-dal/source/microbit-dal.a(MicroBitHeapAllocator.cpp.o)
                0x00000000200021d0                heap
 .bss._ZL11tick_period
                0x00000000200021e0        0x4 ym/microbit-dal/source/microbit-dal.a(MicroBitSystemTimer.cpp.o)
 .bss._ZL20systemTickComponents
                0x00000000200021e4       0x28 ym/microbit-dal/source/microbit-dal.a(MicroBitSystemTimer.cpp.o)
 .bss._ZL5timer
                0x000000002000220c        0x4 ym/microbit-dal/source/microbit-dal.a(MicroBitSystemTimer.cpp.o)
 .bss._ZL6ticker
                0x0000000020002210        0x4 ym/microbit-dal/source/microbit-dal.a(MicroBitSystemTimer.cpp.o)
 .bss._ZN13ManagedString11EmptyStringE
                0x0000000020002214        0x4 ym/microbit-dal/source/microbit-dal.a(ManagedString.cpp.o)
                0x0000000020002214                ManagedString::EmptyString
 .bss._ZN10EventModel15defaultEventBusE
                0x0000000020002218        0x4 ym/microbit-dal/source/microbit-dal.a(MicroBitEvent.cpp.o)
                0x0000000020002218                EventModel::defaultEventBus
 .bss._ZN12PacketBuffer11EmptyPacketE
                0x000000002000221c        0x4 ym/microbit-dal/source/microbit-dal.a(PacketBuffer.cpp.o)
                0x000000002000221c                PacketBuffer::EmptyPacket
 .bss._ZL13panic_timeout
                0x0000000020002220        0x4 ym/microbit-dal/source/microbit-dal.a(MicroBitDevice.cpp.o)
 .bss._ZN12MicroBitFont10systemFontE
                0x0000000020002224        0x8 ym/microbit-dal/source/microbit-dal.a(MicroBitFont.cpp.o)
                0x0000000020002224                MicroBitFont::systemFont
 .bss._ZN13MicroBitImage10EmptyImageE
                0x000000002000222c        0x4 ym/microbit-dal/source/microbit-dal.a(MicroBitImage.cpp.o)
                0x000000002000222c                MicroBitImage::EmptyImage
 .bss.events    0x0000000020002230        0x8 ym/mbed-classic/existing/mbed-classic.a(us_ticker_api.c.o)
 .bss._rtc_init
                0x0000000020002238        0x4 ym/mbed-classic/existing/mbed-classic.a(rtc_time.c.o)
 .bss._rtc_isenabled
                0x000000002000223c        0x4 ym/mbed-classic/existing/mbed-classic.a(rtc_time.c.o)
 .bss._rtc_read
                0x0000000020002240        0x4 ym/mbed-classic/existing/mbed-classic.a(rtc_time.c.o)
 .bss._rtc_write
                0x0000000020002244        0x4 ym/mbed-classic/existing/mbed-classic.a(rtc_time.c.o)
 .bss.overflowCount
                0x0000000020002248        0x4 ym/mbed-classic/existing/mbed-classic.a(us_ticker.c.o)
 .bss.us_ticker_callbackTimestamp
                0x000000002000224c        0x4 ym/mbed-classic/existing/mbed-classic.a(us_ticker.c.o)
 .bss.irq_handler
                0x0000000020002250        0x4 ym/mbed-classic/existing/mbed-classic.a(serial_api.c.o)
 .bss.serial_irq_ids
                0x0000000020002254        0x4 ym/mbed-classic/existing/mbed-classic.a(serial_api.c.o)
 .bss.__malloc_free_list
                0x0000000020002258        0x4 /usr/bin/../lib/gcc/arm-none-eabi/7.2.1/../../../../arm-none-eabi/lib/thumb/v6-m/libc_nano.a(lib_a-nano-mallocr.o)
                0x0000000020002258                __malloc_free_list
 .bss.__malloc_sbrk_start
                0x000000002000225c        0x4 /usr/bin/../lib/gcc/arm-none-eabi/7.2.1/../../../../arm-none-eabi/lib/thumb/v6-m/libc_nano.a(lib_a-nano-mallocr.o)
                0x000000002000225c                __malloc_sbrk_start
 .bss._ZL11fiber_flags
                0x0000000020002260        0x1 ym/microbit-dal/source/microbit-dal.a(MicroBitFiber.cpp.o)
 .bss.heap_count
                0x0000000020002261        0x1 ym/microbit-dal/source/microbit-dal.a(MicroBitHeapAllocator.cpp.o)
                0x0000000020002261                heap_count
 .bss.us_ticker_callbackPending
                0x0000000020002262        0x1 ym/mbed-classic/existing/mbed-classic.a(us_ticker.c.o)
 .bss.us_ticker_inited
                0x0000000020002263        0x1 ym/mbed-classic/existing/mbed-classic.a(us_ticker.c.o)
 *(SORT_BY_ALIGNMENT(COMMON))
 COMMON         0x0000000020002264        0x4 /usr/bin/../lib/gcc/arm-none-eabi/7.2.1/../../../../arm-none-eabi/lib/thumb/v6-m/libnosys.a(errno.o)
                0x0000000020002264                errno
                0x0000000020002268                . = ALIGN (0x4)
                0x0000000020002268                __bss_end__ = .

.heap           0x0000000020002268      0x800
                0x0000000020002268                __end__ = .
                0x0000000020002268                end = __end__
 *(SORT_BY_ALIGNMENT(.heap*))
 .heap          0x0000000020002268      0x800 ym/mbed-classic/existing/mbed-classic.a(startup_NRF51822.S.obj)
                0x0000000020002268                __HeapBase
                0x0000000020002a68                __HeapLimit = .

.stack_dummy    0x0000000020002268      0x800
 *(SORT_BY_ALIGNMENT(.stack*))
 .stack         0x0000000020002268      0x800 ym/mbed-classic/existing/mbed-classic.a(startup_NRF51822.S.obj)
                0x0000000020004000                __StackTop = (ORIGIN (RAM) + LENGTH (RAM))
                0x0000000020003800                __StackLimit = (__StackTop - SIZEOF (.stack_dummy))
                0x0000000020004000                PROVIDE (__stack, __StackTop)
                0x0000000000000001                ASSERT ((__StackLimit >= __HeapLimit), region RAM overflowed with stack)
OUTPUT(source/iot-example elf32-littlearm)

.ARM.attributes
                0x0000000000000000       0x28
 .ARM.attributes
                0x0000000000000000       0x1e /usr/bin/../lib/gcc/arm-none-eabi/7.2.1/thumb/v6-m/crti.o
 .ARM.attributes
                0x000000000000001e       0x2c /usr/bin/../lib/gcc/arm-none-eabi/7.2.1/thumb/v6-m/crtbegin.o
 .ARM.attributes
                0x000000000000004a       0x1b /usr/bin/../lib/gcc/arm-none-eabi/7.2.1/../../../../arm-none-eabi/lib/thumb/v6-m/crt0.o
 .ARM.attributes
                0x0000000000000065       0x31 source/CMakeFiles/iot-example.dir/home/student/myexample/source/main.cpp.o
 .ARM.attributes
                0x0000000000000096       0x31 ym/microbit-dal/source/microbit-dal.a(MicroBitFiber.cpp.o)
 .ARM.attributes
                0x00000000000000c7       0x31 ym/microbit-dal/source/microbit-dal.a(MicroBitHeapAllocator.cpp.o)
 .ARM.attributes
                0x00000000000000f8       0x31 ym/microbit-dal/source/microbit-dal.a(MicroBitListener.cpp.o)
 .ARM.attributes
                0x0000000000000129       0x31 ym/microbit-dal/source/microbit-dal.a(MicroBitSystemTimer.cpp.o)
 .ARM.attributes
                0x000000000000015a       0x31 ym/microbit-dal/source/microbit-dal.a(ManagedString.cpp.o)
 .ARM.attributes
                0x000000000000018b       0x31 ym/microbit-dal/source/microbit-dal.a(MicroBitEvent.cpp.o)
 .ARM.attributes
                0x00000000000001bc       0x31 ym/microbit-dal/source/microbit-dal.a(PacketBuffer.cpp.o)
 .ARM.attributes
                0x00000000000001ed       0x31 ym/microbit-dal/source/microbit-dal.a(RefCounted.cpp.o)
 .ARM.attributes
                0x000000000000021e       0x31 ym/microbit-dal/source/microbit-dal.a(MicroBitButton.cpp.o)
 .ARM.attributes
                0x000000000000024f       0x31 ym/microbit-dal/source/microbit-dal.a(MicroBitDisplay.cpp.o)
 .ARM.attributes
                0x0000000000000280       0x31 ym/microbit-dal/source/microbit-dal.a(MicroBitMessageBus.cpp.o)
 .ARM.attributes
                0x00000000000002b1       0x21 ym/microbit-dal/source/microbit-dal.a(CortexContextSwitch.s.obj)
 .ARM.attributes
                0x00000000000002d2       0x31 ym/microbit-dal/source/microbit-dal.a(MemberFunctionCallback.cpp.o)
 .ARM.attributes
                0x0000000000000303       0x31 ym/microbit-dal/source/microbit-dal.a(MicroBitCompat.cpp.o)
 .ARM.attributes
                0x0000000000000334       0x31 ym/microbit-dal/source/microbit-dal.a(MicroBitDevice.cpp.o)
 .ARM.attributes
                0x0000000000000365       0x31 ym/microbit-dal/source/microbit-dal.a(MicroBitFont.cpp.o)
 .ARM.attributes
                0x0000000000000396       0x31 ym/microbit-dal/source/microbit-dal.a(MicroBitImage.cpp.o)
 .ARM.attributes
                0x00000000000003c7       0x31 ym/mbed-classic/existing/mbed-classic.a(Timer.cpp.o)
 .ARM.attributes
                0x00000000000003f8       0x31 ym/mbed-classic/existing/mbed-classic.a(TimerEvent.cpp.o)
 .ARM.attributes
                0x0000000000000429       0x31 ym/mbed-classic/existing/mbed-classic.a(Ticker.cpp.o)
 .ARM.attributes
                0x000000000000045a       0x31 ym/mbed-classic/existing/mbed-classic.a(retarget.cpp.o)
 .ARM.attributes
                0x000000000000048b       0x31 ym/mbed-classic/existing/mbed-classic.a(Timeout.cpp.o)
 .ARM.attributes
                0x00000000000004bc       0x31 ym/mbed-classic/existing/mbed-classic.a(gpio.c.o)
 .ARM.attributes
                0x00000000000004ed       0x31 ym/mbed-classic/existing/mbed-classic.a(us_ticker_api.c.o)
 .ARM.attributes
                0x000000000000051e       0x31 ym/mbed-classic/existing/mbed-classic.a(ticker_api.c.o)
 .ARM.attributes
                0x000000000000054f       0x31 ym/mbed-classic/existing/mbed-classic.a(board.c.o)
 .ARM.attributes
                0x0000000000000580       0x31 ym/mbed-classic/existing/mbed-classic.a(rtc_time.c.o)
 .ARM.attributes
                0x00000000000005b1       0x31 ym/mbed-classic/existing/mbed-classic.a(wait_api.c.o)
 .ARM.attributes
                0x00000000000005e2       0x31 ym/mbed-classic/existing/mbed-classic.a(gpio_api.c.o)
 .ARM.attributes
                0x0000000000000613       0x31 ym/mbed-classic/existing/mbed-classic.a(pinmap.c.o)
 .ARM.attributes
                0x0000000000000644       0x31 ym/mbed-classic/existing/mbed-classic.a(us_ticker.c.o)
 .ARM.attributes
                0x0000000000000675       0x31 ym/mbed-classic/existing/mbed-classic.a(serial_api.c.o)
 .ARM.attributes
                0x00000000000006a6       0x31 ym/mbed-classic/existing/mbed-classic.a(port_api.c.o)
 .ARM.attributes
                0x00000000000006d7       0x1b ym/mbed-classic/existing/mbed-classic.a(startup_NRF51822.S.obj)
 .ARM.attributes
                0x00000000000006f2       0x31 ym/mbed-classic/existing/mbed-classic.a(system_nrf51.c.o)
 .ARM.attributes
                0x0000000000000723       0x2c /usr/bin/../lib/gcc/arm-none-eabi/7.2.1/../../../../arm-none-eabi/lib/thumb/v6-m/libnosys.a(errno.o)
 .ARM.attributes
                0x000000000000074f       0x2c /usr/bin/../lib/gcc/arm-none-eabi/7.2.1/../../../../arm-none-eabi/lib/thumb/v6-m/libstdc++_nano.a(atexit_arm.o)
 .ARM.attributes
                0x000000000000077b       0x2c /usr/bin/../lib/gcc/arm-none-eabi/7.2.1/../../../../arm-none-eabi/lib/thumb/v6-m/libstdc++_nano.a(del_op.o)
 .ARM.attributes
                0x00000000000007a7       0x1e /usr/bin/../lib/gcc/arm-none-eabi/7.2.1/thumb/v6-m/libgcc.a(_divsi3.o)
 .ARM.attributes
                0x00000000000007c5       0x1e /usr/bin/../lib/gcc/arm-none-eabi/7.2.1/thumb/v6-m/libgcc.a(_dvmd_tls.o)
 .ARM.attributes
                0x00000000000007e3       0x1e /usr/bin/../lib/gcc/arm-none-eabi/7.2.1/thumb/v6-m/libgcc.a(_aeabi_uldivmod.o)
 .ARM.attributes
                0x0000000000000801       0x2c /usr/bin/../lib/gcc/arm-none-eabi/7.2.1/thumb/v6-m/libgcc.a(_udivmoddi4.o)
 .ARM.attributes
                0x000000000000082d       0x1e /usr/bin/../lib/gcc/arm-none-eabi/7.2.1/thumb/v6-m/libgcc.a(_clzsi2.o)
 .ARM.attributes
                0x000000000000084b       0x1e /usr/bin/../lib/gcc/arm-none-eabi/7.2.1/thumb/v6-m/libgcc.a(_clzdi2.o)
 .ARM.attributes
                0x0000000000000869       0x2c /usr/bin/../lib/gcc/arm-none-eabi/7.2.1/../../../../arm-none-eabi/lib/thumb/v6-m/libc_nano.a(lib_a-cxa_atexit.o)
 .ARM.attributes
                0x0000000000000895       0x2c /usr/bin/../lib/gcc/arm-none-eabi/7.2.1/../../../../arm-none-eabi/lib/thumb/v6-m/libc_nano.a(lib_a-exit.o)
 .ARM.attributes
                0x00000000000008c1       0x2c /usr/bin/../lib/gcc/arm-none-eabi/7.2.1/../../../../arm-none-eabi/lib/thumb/v6-m/libc_nano.a(lib_a-findfp.o)
 .ARM.attributes
                0x00000000000008ed       0x2c /usr/bin/../lib/gcc/arm-none-eabi/7.2.1/../../../../arm-none-eabi/lib/thumb/v6-m/libc_nano.a(lib_a-impure.o)
 .ARM.attributes
                0x0000000000000919       0x2c /usr/bin/../lib/gcc/arm-none-eabi/7.2.1/../../../../arm-none-eabi/lib/thumb/v6-m/libc_nano.a(lib_a-init.o)
 .ARM.attributes
                0x0000000000000945       0x2c /usr/bin/../lib/gcc/arm-none-eabi/7.2.1/../../../../arm-none-eabi/lib/thumb/v6-m/libc_nano.a(lib_a-malloc.o)
 .ARM.attributes
                0x0000000000000971       0x2c /usr/bin/../lib/gcc/arm-none-eabi/7.2.1/../../../../arm-none-eabi/lib/thumb/v6-m/libc_nano.a(lib_a-memcmp.o)
 .ARM.attributes
                0x000000000000099d       0x2c /usr/bin/../lib/gcc/arm-none-eabi/7.2.1/../../../../arm-none-eabi/lib/thumb/v6-m/libc_nano.a(lib_a-memcpy-stub.o)
 .ARM.attributes
                0x00000000000009c9       0x2c /usr/bin/../lib/gcc/arm-none-eabi/7.2.1/../../../../arm-none-eabi/lib/thumb/v6-m/libc_nano.a(lib_a-memset.o)
 .ARM.attributes
                0x00000000000009f5       0x2c /usr/bin/../lib/gcc/arm-none-eabi/7.2.1/../../../../arm-none-eabi/lib/thumb/v6-m/libc_nano.a(lib_a-nano-freer.o)
 .ARM.attributes
                0x0000000000000a21       0x2c /usr/bin/../lib/gcc/arm-none-eabi/7.2.1/../../../../arm-none-eabi/lib/thumb/v6-m/libc_nano.a(lib_a-nano-mallocr.o)
 .ARM.attributes
                0x0000000000000a4d       0x2c /usr/bin/../lib/gcc/arm-none-eabi/7.2.1/../../../../arm-none-eabi/lib/thumb/v6-m/libc_nano.a(lib_a-rand.o)
 .ARM.attributes
                0x0000000000000a79       0x2c /usr/bin/../lib/gcc/arm-none-eabi/7.2.1/../../../../arm-none-eabi/lib/thumb/v6-m/libc_nano.a(lib_a-sbrkr.o)
 .ARM.attributes
                0x0000000000000aa5       0x1c /usr/bin/../lib/gcc/arm-none-eabi/7.2.1/../../../../arm-none-eabi/lib/thumb/v6-m/libc_nano.a(lib_a-strlen.o)
 .ARM.attributes
                0x0000000000000ac1       0x2c /usr/bin/../lib/gcc/arm-none-eabi/7.2.1/../../../../arm-none-eabi/lib/thumb/v6-m/libc_nano.a(lib_a-mlock.o)
 .ARM.attributes
                0x0000000000000aed       0x2c /usr/bin/../lib/gcc/arm-none-eabi/7.2.1/thumb/v6-m/libgcc.a(_muldi3.o)
 .ARM.attributes
                0x0000000000000b19       0x2c /usr/bin/../lib/gcc/arm-none-eabi/7.2.1/thumb/v6-m/crtend.o
 .ARM.attributes
                0x0000000000000b45       0x1e /usr/bin/../lib/gcc/arm-none-eabi/7.2.1/thumb/v6-m/crtn.o

.comment        0x0000000000000000       0x7e
 .comment       0x0000000000000000       0x7e source/CMakeFiles/iot-example.dir/home/student/myexample/source/main.cpp.o
                                         0x7f (size before relaxing)
 .comment       0x000000000000007e       0x7f ym/microbit-dal/source/microbit-dal.a(MicroBitFiber.cpp.o)
 .comment       0x000000000000007e       0x7f ym/microbit-dal/source/microbit-dal.a(MicroBitHeapAllocator.cpp.o)
 .comment       0x000000000000007e       0x7f ym/microbit-dal/source/microbit-dal.a(MicroBitListener.cpp.o)
 .comment       0x000000000000007e       0x7f ym/microbit-dal/source/microbit-dal.a(MicroBitSystemTimer.cpp.o)
 .comment       0x000000000000007e       0x7f ym/microbit-dal/source/microbit-dal.a(ManagedString.cpp.o)
 .comment       0x000000000000007e       0x7f ym/microbit-dal/source/microbit-dal.a(MicroBitEvent.cpp.o)
 .comment       0x000000000000007e       0x7f ym/microbit-dal/source/microbit-dal.a(PacketBuffer.cpp.o)
 .comment       0x000000000000007e       0x7f ym/microbit-dal/source/microbit-dal.a(RefCounted.cpp.o)
 .comment       0x000000000000007e       0x7f ym/microbit-dal/source/microbit-dal.a(MicroBitButton.cpp.o)
 .comment       0x000000000000007e       0x7f ym/microbit-dal/source/microbit-dal.a(MicroBitDisplay.cpp.o)
 .comment       0x000000000000007e       0x7f ym/microbit-dal/source/microbit-dal.a(MicroBitMessageBus.cpp.o)
 .comment       0x000000000000007e       0x7f ym/microbit-dal/source/microbit-dal.a(MemberFunctionCallback.cpp.o)
 .comment       0x000000000000007e       0x7f ym/microbit-dal/source/microbit-dal.a(MicroBitCompat.cpp.o)
 .comment       0x000000000000007e       0x7f ym/microbit-dal/source/microbit-dal.a(MicroBitDevice.cpp.o)
 .comment       0x000000000000007e       0x7f ym/microbit-dal/source/microbit-dal.a(MicroBitFont.cpp.o)
 .comment       0x000000000000007e       0x7f ym/microbit-dal/source/microbit-dal.a(MicroBitImage.cpp.o)
 .comment       0x000000000000007e       0x7f ym/mbed-classic/existing/mbed-classic.a(Timer.cpp.o)
 .comment       0x000000000000007e       0x7f ym/mbed-classic/existing/mbed-classic.a(TimerEvent.cpp.o)
 .comment       0x000000000000007e       0x7f ym/mbed-classic/existing/mbed-classic.a(Ticker.cpp.o)
 .comment       0x000000000000007e       0x7f ym/mbed-classic/existing/mbed-classic.a(retarget.cpp.o)
 .comment       0x000000000000007e       0x7f ym/mbed-classic/existing/mbed-classic.a(Timeout.cpp.o)
 .comment       0x000000000000007e       0x7f ym/mbed-classic/existing/mbed-classic.a(gpio.c.o)
 .comment       0x000000000000007e       0x7f ym/mbed-classic/existing/mbed-classic.a(us_ticker_api.c.o)
 .comment       0x000000000000007e       0x7f ym/mbed-classic/existing/mbed-classic.a(ticker_api.c.o)
 .comment       0x000000000000007e       0x7f ym/mbed-classic/existing/mbed-classic.a(board.c.o)
 .comment       0x000000000000007e       0x7f ym/mbed-classic/existing/mbed-classic.a(rtc_time.c.o)
 .comment       0x000000000000007e       0x7f ym/mbed-classic/existing/mbed-classic.a(wait_api.c.o)
 .comment       0x000000000000007e       0x7f ym/mbed-classic/existing/mbed-classic.a(gpio_api.c.o)
 .comment       0x000000000000007e       0x7f ym/mbed-classic/existing/mbed-classic.a(pinmap.c.o)
 .comment       0x000000000000007e       0x7f ym/mbed-classic/existing/mbed-classic.a(us_ticker.c.o)
 .comment       0x000000000000007e       0x7f ym/mbed-classic/existing/mbed-classic.a(serial_api.c.o)
 .comment       0x000000000000007e       0x7f ym/mbed-classic/existing/mbed-classic.a(port_api.c.o)
 .comment       0x000000000000007e       0x7f ym/mbed-classic/existing/mbed-classic.a(system_nrf51.c.o)

.debug_info     0x0000000000000000    0x46958
 .debug_info    0x0000000000000000     0xcc14 source/CMakeFiles/iot-example.dir/home/student/myexample/source/main.cpp.o
 .debug_info    0x000000000000cc14     0x3696 ym/microbit-dal/source/microbit-dal.a(MicroBitFiber.cpp.o)
 .debug_info    0x00000000000102aa     0x24d1 ym/microbit-dal/source/microbit-dal.a(MicroBitHeapAllocator.cpp.o)
 .debug_info    0x000000000001277b     0x2362 ym/microbit-dal/source/microbit-dal.a(MicroBitListener.cpp.o)
 .debug_info    0x0000000000014add     0x293f ym/microbit-dal/source/microbit-dal.a(MicroBitSystemTimer.cpp.o)
 .debug_info    0x000000000001741c     0x34a3 ym/microbit-dal/source/microbit-dal.a(ManagedString.cpp.o)
 .debug_info    0x000000000001a8bf     0x2087 ym/microbit-dal/source/microbit-dal.a(MicroBitEvent.cpp.o)
 .debug_info    0x000000000001c946     0x2a02 ym/microbit-dal/source/microbit-dal.a(PacketBuffer.cpp.o)
 .debug_info    0x000000000001f348     0x2229 ym/microbit-dal/source/microbit-dal.a(RefCounted.cpp.o)
 .debug_info    0x0000000000021571     0x29cc ym/microbit-dal/source/microbit-dal.a(MicroBitButton.cpp.o)
 .debug_info    0x0000000000023f3d     0x625b ym/microbit-dal/source/microbit-dal.a(MicroBitDisplay.cpp.o)
 .debug_info    0x000000000002a198     0x3183 ym/microbit-dal/source/microbit-dal.a(MicroBitMessageBus.cpp.o)
 .debug_info    0x000000000002d31b       0x26 ym/microbit-dal/source/microbit-dal.a(CortexContextSwitch.s.obj)
 .debug_info    0x000000000002d341     0x1f0c ym/microbit-dal/source/microbit-dal.a(MemberFunctionCallback.cpp.o)
 .debug_info    0x000000000002f24d     0x1daa ym/microbit-dal/source/microbit-dal.a(MicroBitCompat.cpp.o)
 .debug_info    0x0000000000030ff7     0x3177 ym/microbit-dal/source/microbit-dal.a(MicroBitDevice.cpp.o)
 .debug_info    0x000000000003416e     0x1efb ym/microbit-dal/source/microbit-dal.a(MicroBitFont.cpp.o)
 .debug_info    0x0000000000036069     0x44ed ym/microbit-dal/source/microbit-dal.a(MicroBitImage.cpp.o)
 .debug_info    0x000000000003a556     0x1809 ym/mbed-classic/existing/mbed-classic.a(Timer.cpp.o)
 .debug_info    0x000000000003bd5f      0x61d ym/mbed-classic/existing/mbed-classic.a(TimerEvent.cpp.o)
 .debug_info    0x000000000003c37c      0xf8e ym/mbed-classic/existing/mbed-classic.a(Ticker.cpp.o)
 .debug_info    0x000000000003d30a     0x2eb6 ym/mbed-classic/existing/mbed-classic.a(retarget.cpp.o)
 .debug_info    0x00000000000401c0      0xcbf ym/mbed-classic/existing/mbed-classic.a(Timeout.cpp.o)
 .debug_info    0x0000000000040e7f      0x8a9 ym/mbed-classic/existing/mbed-classic.a(gpio.c.o)
 .debug_info    0x0000000000041728      0x270 ym/mbed-classic/existing/mbed-classic.a(us_ticker_api.c.o)
 .debug_info    0x0000000000041998      0x418 ym/mbed-classic/existing/mbed-classic.a(ticker_api.c.o)
 .debug_info    0x0000000000041db0      0x5c2 ym/mbed-classic/existing/mbed-classic.a(board.c.o)
 .debug_info    0x0000000000042372      0xabb ym/mbed-classic/existing/mbed-classic.a(rtc_time.c.o)
 .debug_info    0x0000000000042e2d      0x15a ym/mbed-classic/existing/mbed-classic.a(wait_api.c.o)
 .debug_info    0x0000000000042f87      0x56b ym/mbed-classic/existing/mbed-classic.a(gpio_api.c.o)
 .debug_info    0x00000000000434f2      0x49a ym/mbed-classic/existing/mbed-classic.a(pinmap.c.o)
 .debug_info    0x000000000004398c      0xb0e ym/mbed-classic/existing/mbed-classic.a(us_ticker.c.o)
 .debug_info    0x000000000004449a     0x19d9 ym/mbed-classic/existing/mbed-classic.a(serial_api.c.o)
 .debug_info    0x0000000000045e73      0x6cc ym/mbed-classic/existing/mbed-classic.a(port_api.c.o)
 .debug_info    0x000000000004653f       0x26 ym/mbed-classic/existing/mbed-classic.a(startup_NRF51822.S.obj)
 .debug_info    0x0000000000046565      0x3f3 ym/mbed-classic/existing/mbed-classic.a(system_nrf51.c.o)

.debug_abbrev   0x0000000000000000     0xa5fa
 .debug_abbrev  0x0000000000000000      0xa5d source/CMakeFiles/iot-example.dir/home/student/myexample/source/main.cpp.o
 .debug_abbrev  0x0000000000000a5d      0xa11 ym/microbit-dal/source/microbit-dal.a(MicroBitFiber.cpp.o)
 .debug_abbrev  0x000000000000146e      0x671 ym/microbit-dal/source/microbit-dal.a(MicroBitHeapAllocator.cpp.o)
 .debug_abbrev  0x0000000000001adf      0x5ad ym/microbit-dal/source/microbit-dal.a(MicroBitListener.cpp.o)
 .debug_abbrev  0x000000000000208c      0x6f5 ym/microbit-dal/source/microbit-dal.a(MicroBitSystemTimer.cpp.o)
 .debug_abbrev  0x0000000000002781      0x7dd ym/microbit-dal/source/microbit-dal.a(ManagedString.cpp.o)
 .debug_abbrev  0x0000000000002f5e      0x571 ym/microbit-dal/source/microbit-dal.a(MicroBitEvent.cpp.o)
 .debug_abbrev  0x00000000000034cf      0x63d ym/microbit-dal/source/microbit-dal.a(PacketBuffer.cpp.o)
 .debug_abbrev  0x0000000000003b0c      0x4e2 ym/microbit-dal/source/microbit-dal.a(RefCounted.cpp.o)
 .debug_abbrev  0x0000000000003fee      0x69c ym/microbit-dal/source/microbit-dal.a(MicroBitButton.cpp.o)
 .debug_abbrev  0x000000000000468a      0xa50 ym/microbit-dal/source/microbit-dal.a(MicroBitDisplay.cpp.o)
 .debug_abbrev  0x00000000000050da      0x8a8 ym/microbit-dal/source/microbit-dal.a(MicroBitMessageBus.cpp.o)
 .debug_abbrev  0x0000000000005982       0x14 ym/microbit-dal/source/microbit-dal.a(CortexContextSwitch.s.obj)
 .debug_abbrev  0x0000000000005996      0x4a6 ym/microbit-dal/source/microbit-dal.a(MemberFunctionCallback.cpp.o)
 .debug_abbrev  0x0000000000005e3c      0x480 ym/microbit-dal/source/microbit-dal.a(MicroBitCompat.cpp.o)
 .debug_abbrev  0x00000000000062bc      0x801 ym/microbit-dal/source/microbit-dal.a(MicroBitDevice.cpp.o)
 .debug_abbrev  0x0000000000006abd      0x52d ym/microbit-dal/source/microbit-dal.a(MicroBitFont.cpp.o)
 .debug_abbrev  0x0000000000006fea      0x8ef ym/microbit-dal/source/microbit-dal.a(MicroBitImage.cpp.o)
 .debug_abbrev  0x00000000000078d9      0x3fc ym/mbed-classic/existing/mbed-classic.a(Timer.cpp.o)
 .debug_abbrev  0x0000000000007cd5      0x2dc ym/mbed-classic/existing/mbed-classic.a(TimerEvent.cpp.o)
 .debug_abbrev  0x0000000000007fb1      0x396 ym/mbed-classic/existing/mbed-classic.a(Ticker.cpp.o)
 .debug_abbrev  0x0000000000008347      0x7a6 ym/mbed-classic/existing/mbed-classic.a(retarget.cpp.o)
 .debug_abbrev  0x0000000000008aed      0x378 ym/mbed-classic/existing/mbed-classic.a(Timeout.cpp.o)
 .debug_abbrev  0x0000000000008e65      0x1ec ym/mbed-classic/existing/mbed-classic.a(gpio.c.o)
 .debug_abbrev  0x0000000000009051      0x120 ym/mbed-classic/existing/mbed-classic.a(us_ticker_api.c.o)
 .debug_abbrev  0x0000000000009171      0x1bf ym/mbed-classic/existing/mbed-classic.a(ticker_api.c.o)
 .debug_abbrev  0x0000000000009330      0x16d ym/mbed-classic/existing/mbed-classic.a(board.c.o)
 .debug_abbrev  0x000000000000949d      0x270 ym/mbed-classic/existing/mbed-classic.a(rtc_time.c.o)
 .debug_abbrev  0x000000000000970d       0xd0 ym/mbed-classic/existing/mbed-classic.a(wait_api.c.o)
 .debug_abbrev  0x00000000000097dd      0x18d ym/mbed-classic/existing/mbed-classic.a(gpio_api.c.o)
 .debug_abbrev  0x000000000000996a      0x163 ym/mbed-classic/existing/mbed-classic.a(pinmap.c.o)
 .debug_abbrev  0x0000000000009acd      0x2ea ym/mbed-classic/existing/mbed-classic.a(us_ticker.c.o)
 .debug_abbrev  0x0000000000009db7      0x4a5 ym/mbed-classic/existing/mbed-classic.a(serial_api.c.o)
 .debug_abbrev  0x000000000000a25c      0x246 ym/mbed-classic/existing/mbed-classic.a(port_api.c.o)
 .debug_abbrev  0x000000000000a4a2       0x14 ym/mbed-classic/existing/mbed-classic.a(startup_NRF51822.S.obj)
 .debug_abbrev  0x000000000000a4b6      0x144 ym/mbed-classic/existing/mbed-classic.a(system_nrf51.c.o)

.debug_loc      0x0000000000000000     0x8b66
 .debug_loc     0x0000000000000000      0x177 source/CMakeFiles/iot-example.dir/home/student/myexample/source/main.cpp.o
 .debug_loc     0x0000000000000177      0xa48 ym/microbit-dal/source/microbit-dal.a(MicroBitFiber.cpp.o)
 .debug_loc     0x0000000000000bbf      0x3ff ym/microbit-dal/source/microbit-dal.a(MicroBitHeapAllocator.cpp.o)
 .debug_loc     0x0000000000000fbe      0x2cd ym/microbit-dal/source/microbit-dal.a(MicroBitListener.cpp.o)
 .debug_loc     0x000000000000128b      0x1fa ym/microbit-dal/source/microbit-dal.a(MicroBitSystemTimer.cpp.o)
 .debug_loc     0x0000000000001485      0x7e5 ym/microbit-dal/source/microbit-dal.a(ManagedString.cpp.o)
 .debug_loc     0x0000000000001c6a      0x117 ym/microbit-dal/source/microbit-dal.a(MicroBitEvent.cpp.o)
 .debug_loc     0x0000000000001d81      0x436 ym/microbit-dal/source/microbit-dal.a(PacketBuffer.cpp.o)
 .debug_loc     0x00000000000021b7       0xc1 ym/microbit-dal/source/microbit-dal.a(RefCounted.cpp.o)
 .debug_loc     0x0000000000002278      0x202 ym/microbit-dal/source/microbit-dal.a(MicroBitButton.cpp.o)
 .debug_loc     0x000000000000247a     0x1c67 ym/microbit-dal/source/microbit-dal.a(MicroBitDisplay.cpp.o)
 .debug_loc     0x00000000000040e1      0x67a ym/microbit-dal/source/microbit-dal.a(MicroBitMessageBus.cpp.o)
 .debug_loc     0x000000000000475b       0x95 ym/microbit-dal/source/microbit-dal.a(MemberFunctionCallback.cpp.o)
 .debug_loc     0x00000000000047f0      0x186 ym/microbit-dal/source/microbit-dal.a(MicroBitCompat.cpp.o)
 .debug_loc     0x0000000000004976      0x69c ym/microbit-dal/source/microbit-dal.a(MicroBitDevice.cpp.o)
 .debug_loc     0x0000000000005012       0x4c ym/microbit-dal/source/microbit-dal.a(MicroBitFont.cpp.o)
 .debug_loc     0x000000000000505e     0x16be ym/microbit-dal/source/microbit-dal.a(MicroBitImage.cpp.o)
 .debug_loc     0x000000000000671c      0x1ba ym/mbed-classic/existing/mbed-classic.a(Timer.cpp.o)
 .debug_loc     0x00000000000068d6      0x198 ym/mbed-classic/existing/mbed-classic.a(TimerEvent.cpp.o)
 .debug_loc     0x0000000000006a6e      0x158 ym/mbed-classic/existing/mbed-classic.a(Ticker.cpp.o)
 .debug_loc     0x0000000000006bc6      0xaf5 ym/mbed-classic/existing/mbed-classic.a(retarget.cpp.o)
 .debug_loc     0x00000000000076bb      0x11e ym/mbed-classic/existing/mbed-classic.a(Timeout.cpp.o)
 .debug_loc     0x00000000000077d9      0x540 ym/mbed-classic/existing/mbed-classic.a(gpio.c.o)
 .debug_loc     0x0000000000007d19      0x2fb ym/mbed-classic/existing/mbed-classic.a(ticker_api.c.o)
 .debug_loc     0x0000000000008014      0x14c ym/mbed-classic/existing/mbed-classic.a(board.c.o)